Component: ARM Compiler 5.05 update 1 (build 106) Tool: armlink [4d0efa]

==============================================================================

Section Cross References

    startup_stm32f427xx.o(RESET) refers to startup_stm32f427xx.o(STACK) for __initial_sp
    startup_stm32f427xx.o(RESET) refers to startup_stm32f427xx.o(.text) for Reset_Handler
    startup_stm32f427xx.o(RESET) refers to stm32f4xx_it.o(i.NMI_Handler) for NMI_Handler
    startup_stm32f427xx.o(RESET) refers to stm32f4xx_it.o(i.HardFault_Handler) for HardFault_Handler
    startup_stm32f427xx.o(RESET) refers to stm32f4xx_it.o(i.MemManage_Handler) for MemManage_Handler
    startup_stm32f427xx.o(RESET) refers to stm32f4xx_it.o(i.BusFault_Handler) for BusFault_Handler
    startup_stm32f427xx.o(RESET) refers to stm32f4xx_it.o(i.UsageFault_Handler) for UsageFault_Handler
    startup_stm32f427xx.o(RESET) refers to port.o(.emb_text) for SVC_Handler
    startup_stm32f427xx.o(RESET) refers to stm32f4xx_it.o(i.DebugMon_Handler) for DebugMon_Handler
    startup_stm32f427xx.o(RESET) refers to stm32f4xx_it.o(i.SysTick_Handler) for SysTick_Handler
    startup_stm32f427xx.o(RESET) refers to stm32f4xx_it.o(i.DMA1_Stream1_IRQHandler) for DMA1_Stream1_IRQHandler
    startup_stm32f427xx.o(RESET) refers to stm32f4xx_it.o(i.DMA1_Stream5_IRQHandler) for DMA1_Stream5_IRQHandler
    startup_stm32f427xx.o(RESET) refers to stm32f4xx_it.o(i.DMA1_Stream6_IRQHandler) for DMA1_Stream6_IRQHandler
    startup_stm32f427xx.o(RESET) refers to stm32f4xx_it.o(i.CAN1_RX0_IRQHandler) for CAN1_RX0_IRQHandler
    startup_stm32f427xx.o(RESET) refers to stm32f4xx_it.o(i.TIM1_TRG_COM_TIM11_IRQHandler) for TIM1_TRG_COM_TIM11_IRQHandler
    startup_stm32f427xx.o(RESET) refers to usmart.o(i.TIM4_IRQHandler) for TIM4_IRQHandler
    startup_stm32f427xx.o(RESET) refers to stm32f4xx_it.o(i.USART1_IRQHandler) for USART1_IRQHandler
    startup_stm32f427xx.o(RESET) refers to stm32f4xx_it.o(i.USART2_IRQHandler) for USART2_IRQHandler
    startup_stm32f427xx.o(RESET) refers to stm32f4xx_it.o(i.USART3_IRQHandler) for USART3_IRQHandler
    startup_stm32f427xx.o(RESET) refers to stm32f4xx_it.o(i.TIM6_DAC_IRQHandler) for TIM6_DAC_IRQHandler
    startup_stm32f427xx.o(RESET) refers to stm32f4xx_it.o(i.DMA2_Stream0_IRQHandler) for DMA2_Stream0_IRQHandler
    startup_stm32f427xx.o(RESET) refers to stm32f4xx_it.o(i.DMA2_Stream2_IRQHandler) for DMA2_Stream2_IRQHandler
    startup_stm32f427xx.o(RESET) refers to stm32f4xx_it.o(i.DMA2_Stream3_IRQHandler) for DMA2_Stream3_IRQHandler
    startup_stm32f427xx.o(RESET) refers to stm32f4xx_it.o(i.CAN2_RX0_IRQHandler) for CAN2_RX0_IRQHandler
    startup_stm32f427xx.o(RESET) refers to stm32f4xx_it.o(i.DMA2_Stream7_IRQHandler) for DMA2_Stream7_IRQHandler
    startup_stm32f427xx.o(RESET) refers to stm32f4xx_it.o(i.USART6_IRQHandler) for USART6_IRQHandler
    startup_stm32f427xx.o(.text) refers to system_stm32f4xx.o(i.SystemInit) for SystemInit
    startup_stm32f427xx.o(.text) refers to entry.o(.ARM.Collect$$$$00000000) for __main
    main.o(i.BSP_All_Init) refers to bmi088driver.o(i.BMI088_init) for BMI088_init
    main.o(i.BSP_All_Init) refers to stm32f4xx_hal_spi.o(i.HAL_SPI_Init) for HAL_SPI_Init
    main.o(i.BSP_All_Init) refers to bmi088driver.o(i.mpu_offset_call) for mpu_offset_call
    main.o(i.BSP_All_Init) refers to bsp_pwr.o(i.PWR24V_On) for PWR24V_On
    main.o(i.BSP_All_Init) refers to bsp_can.o(i.CAN_FilterInit) for CAN_FilterInit
    main.o(i.BSP_All_Init) refers to pid.o(i.PID_Init) for PID_Init
    main.o(i.BSP_All_Init) refers to stm32f4xx_hal_uart.o(i.HAL_UART_Receive_IT) for HAL_UART_Receive_IT
    main.o(i.BSP_All_Init) refers to stm32f4xx_hal_uart.o(i.HAL_UART_Receive_DMA) for HAL_UART_Receive_DMA
    main.o(i.BSP_All_Init) refers to stm32f4xx_hal_uart.o(i.HAL_UART_Transmit_DMA) for HAL_UART_Transmit_DMA
    main.o(i.BSP_All_Init) refers to judgetask.o(i.InitJudgeUart) for InitJudgeUart
    main.o(i.BSP_All_Init) refers to bsp_pwm.o(i.PWM_init) for PWM_init
    main.o(i.BSP_All_Init) refers to bsp_rc.o(i.dbus_uart_init) for dbus_uart_init
    main.o(i.BSP_All_Init) refers to bsp_pwr.o(i.LASER_On) for LASER_On
    main.o(i.BSP_All_Init) refers to stm32f4xx_hal_tim.o(i.HAL_TIM_Base_Stop_IT) for HAL_TIM_Base_Stop_IT
    main.o(i.BSP_All_Init) refers to bsp_beep.o(i.Beep) for Beep
    main.o(i.BSP_All_Init) refers to spi.o(.bss) for hspi1
    main.o(i.BSP_All_Init) refers to can.o(.bss) for hcan1
    main.o(i.BSP_All_Init) refers to pid.o(.bss) for PID_GM6020
    main.o(i.BSP_All_Init) refers to pid.o(.bss) for PID_GM6020_speed
    main.o(i.BSP_All_Init) refers to pid.o(.bss) for PID_M2006
    main.o(i.BSP_All_Init) refers to pid.o(.bss) for PID_M2006_ANGLE
    main.o(i.BSP_All_Init) refers to pid.o(.bss) for PID_M3508
    main.o(i.BSP_All_Init) refers to pid.o(.bss) for PID_M3508_Follow
    main.o(i.BSP_All_Init) refers to pid.o(.bss) for PID_HEAT_PWM
    main.o(i.BSP_All_Init) refers to bsp_usart.o(.data) for aRxBuffer
[...]
    __aeabi_llsl                             0x080006a9   Thumb Code    30  llshl.o(.text)
    _ll_shift_l                              0x080006a9   Thumb Code     0  llshl.o(.text)
    __aeabi_llsr                             0x080006c7   Thumb Code    32  llushr.o(.text)
    _ll_ushift_r                             0x080006c7   Thumb Code     0  llushr.o(.text)
    __aeabi_lasr                             0x080006e7   Thumb Code    36  llsshr.o(.text)
    _ll_sshift_r                             0x080006e7   Thumb Code     0  llsshr.o(.text)
    __I$use$fp                               0x0800070b   Thumb Code     0  iusefp.o(.text)
    _float_round                             0x0800070b   Thumb Code    18  fepilogue.o(.text)
    _float_epilogue                          0x0800071d   Thumb Code    92  fepilogue.o(.text)
    _double_round                            0x08000779   Thumb Code    30  depilogue.o(.text)
    _double_epilogue                         0x08000797   Thumb Code   156  depilogue.o(.text)
    __aeabi_ddiv                             0x08000833   Thumb Code   222  ddiv.o(.text)
    __ARM_scalbn                             0x08000911   Thumb Code    46  dscalb.o(.text)
    scalbn                                   0x08000911   Thumb Code     0  dscalb.o(.text)
    _dsqrt                                   0x0800093f   Thumb Code   162  dsqrt.o(.text)
    __aeabi_d2ulz                            0x080009e1   Thumb Code    48  dfixul.o(.text)
    __scatterload                            0x08000a11   Thumb Code    28  init.o(.text)
    __scatterload_rt2                        0x08000a11   Thumb Code     0  init.o(.text)
    __aeabi_d2iz                             0x08000a35   Thumb Code    62  dfixi.o(.text)
    __decompress                             0x08000a73   Thumb Code     0  __dczerorl2.o(.text)
    __decompress1                            0x08000a73   Thumb Code    86  __dczerorl2.o(.text)
    BMI088_ACCEL_NS_H                        0x08000bf1   Thumb Code    10  bmi088middleware.o(i.BMI088_ACCEL_NS_H)
    BMI088_ACCEL_NS_L                        0x08000c01   Thumb Code    10  bmi088middleware.o(i.BMI088_ACCEL_NS_L)
    BMI088_GPIO_init                         0x08000c11   Thumb Code     2  bmi088middleware.o(i.BMI088_GPIO_init)
    BMI088_GYRO_NS_H                         0x08000c15   Thumb Code    10  bmi088middleware.o(i.BMI088_GYRO_NS_H)
    BMI088_GYRO_NS_L                         0x08000c25   Thumb Code    10  bmi088middleware.o(i.BMI088_GYRO_NS_L)
    BMI088_com_init                          0x08000c35   Thumb Code     2  bmi088middleware.o(i.BMI088_com_init)
    BMI088_delay_ms                          0x08000c37   Thumb Code    24  bmi088middleware.o(i.BMI088_delay_ms)
    BMI088_delay_us                          0x08000c4f   Thumb Code    46  bmi088middleware.o(i.BMI088_delay_us)
    BMI088_init                              0x08000c7d   Thumb Code    24  bmi088driver.o(i.BMI088_init)
    BMI088_read                              0x08000c95   Thumb Code   336  bmi088driver.o(i.BMI088_read)
    BMI088_read_in                           0x08000ded   Thumb Code   276  bmi088driver.o(i.BMI088_read_in)
    BMI088_read_write_byte                   0x08000f45   Thumb Code    28  bmi088middleware.o(i.BMI088_read_write_byte)
    BNumberInit                              0x08000f79   Thumb Code   132  chassis.o(i.BNumberInit)
    BSP_All_Init                             0x08001021   Thumb Code   486  main.o(i.BSP_All_Init)
    BT_Check                                 0x08001279   Thumb Code    24  bluetooth.o(i.BT_Check)
    BT_ResetPID1                             0x080012a5   Thumb Code     6  bluetooth.o(i.BT_ResetPID1)
    Beep                                     0x080012b1   Thumb Code    30  bsp_beep.o(i.Beep)
    Beep_Off                                 0x080012d5   Thumb Code     8  bsp_beep.o(i.Beep_Off)
    BusFault_Handler                         0x080012e1   Thumb Code     2  stm32f4xx_it.o(i.BusFault_Handler)
    CAN1_RX0_IRQHandler                      0x080012e5   Thumb Code     6  stm32f4xx_it.o(i.CAN1_RX0_IRQHandler)
    CAN2_RX0_IRQHandler                      0x080012f1   Thumb Code     6  stm32f4xx_it.o(i.CAN2_RX0_IRQHandler)
    CAN_Chassis_SendCurrent2                 0x080012fd   Thumb Code    74  bsp_can.o(i.CAN_Chassis_SendCurrent2)
    CAN_FilterInit                           0x08001351   Thumb Code   118  bsp_can.o(i.CAN_FilterInit)
    CAN_GM6020_Gimbal_SendVoltage            0x080013d1   Thumb Code    76  bsp_can.o(i.CAN_GM6020_Gimbal_SendVoltage)
    CAN_M3508_Chassis_SendCurrent            0x08001425   Thumb Code    70  bsp_can.o(i.CAN_M3508_Chassis_SendCurrent)
    CAN_SendMsg                              0x08001475   Thumb Code    86  bsp_can.o(i.CAN_SendMsg)
    DMA1_Stream1_IRQHandler                  0x080014cd   Thumb Code     6  stm32f4xx_it.o(i.DMA1_Stream1_IRQHandler)
    DMA1_Stream5_IRQHandler                  0x080014d9   Thumb Code     6  stm32f4xx_it.o(i.DMA1_Stream5_IRQHandler)
    DMA1_Stream6_IRQHandler                  0x080014e5   Thumb Code     6  stm32f4xx_it.o(i.DMA1_Stream6_IRQHandler)
    DMA2_Stream0_IRQHandler                  0x080014f1   Thumb Code     6  stm32f4xx_it.o(i.DMA2_Stream0_IRQHandler)
    DMA2_Stream2_IRQHandler                  0x080014fd   Thumb Code     6  stm32f4xx_it.o(i.DMA2_Stream2_IRQHandler)
    DMA2_Stream3_IRQHandler                  0x08001509   Thumb Code     6  stm32f4xx_it.o(i.DMA2_Stream3_IRQHandler)
    DMA2_Stream7_IRQHandler                  0x08001515   Thumb Code     6  stm32f4xx_it.o(i.DMA2_Stream7_IRQHandler)
    DebugMon_Handler                         0x080015c5   Thumb Code     2  stm32f4xx_it.o(i.DebugMon_Handler)
    Error_Handler                            0x080015c7   Thumb Code     2  main.o(i.Error_Handler)
    HAL_ADC_ConfigChannel                    0x080015c9   Thumb Code   334  stm32f4xx_hal_adc.o(i.HAL_ADC_ConfigChannel)
    HAL_ADC_Init                             0x0800172d   Thumb Code    84  stm32f4xx_hal_adc.o(i.HAL_ADC_Init)
    HAL_ADC_MspInit                          0x08001781   Thumb Code    84  adc.o(i.HAL_ADC_MspInit)
    HAL_CAN_ActivateNotification             0x080017e1   Thumb Code    36  stm32f4xx_hal_can.o(i.HAL_CAN_ActivateNotification)
    HAL_CAN_AddTxMessage                     0x08001805   Thumb Code   200  stm32f4xx_hal_can.o(i.HAL_CAN_AddTxMessage)
    HAL_CAN_ConfigFilter                     0x080018cd   Thumb Code   262  stm32f4xx_hal_can.o(i.HAL_CAN_ConfigFilter)
    HAL_CAN_ErrorCallback                    0x080019d9   Thumb Code     2  stm32f4xx_hal_can.o(i.HAL_CAN_ErrorCallback)
    HAL_CAN_GetRxMessage                     0x080019db   Thumb Code   232  stm32f4xx_hal_can.o(i.HAL_CAN_GetRxMessage)
    HAL_CAN_GetTxMailboxesFreeLevel          0x08001ac3   Thumb Code    44  stm32f4xx_hal_can.o(i.HAL_CAN_GetTxMailboxesFreeLevel)
    HAL_CAN_IRQHandler                       0x08001aef   Thumb Code   508  stm32f4xx_hal_can.o(i.HAL_CAN_IRQHandler)
    HAL_CAN_Init                             0x08001ceb   Thumb Code   282  stm32f4xx_hal_can.o(i.HAL_CAN_Init)
    HAL_CAN_MspInit                          0x08001e05   Thumb Code   226  can.o(i.HAL_CAN_MspInit)
    HAL_CAN_RxFifo0FullCallback              0x08001f01   Thumb Code     2  stm32f4xx_hal_can.o(i.HAL_CAN_RxFifo0FullCallback)
    HAL_CAN_RxFifo0MsgPendingCallback        0x08001f05   Thumb Code   558  bsp_can.o(i.HAL_CAN_RxFifo0MsgPendingCallback)
    HAL_CAN_RxFifo1FullCallback              0x08002151   Thumb Code     2  stm32f4xx_hal_can.o(i.HAL_CAN_RxFifo1FullCallback)
    HAL_CAN_RxFifo1MsgPendingCallback        0x08002153   Thumb Code     2  stm32f4xx_hal_can.o(i.HAL_CAN_RxFifo1MsgPendingCallback)
    HAL_CAN_SleepCallback                    0x08002155   Thumb Code     2  stm32f4xx_hal_can.o(i.HAL_CAN_SleepCallback)
    HAL_CAN_Start                            0x08002159   Thumb Code    88  stm32f4xx_hal_can.o(i.HAL_CAN_Start)
    HAL_CAN_TxMailbox0AbortCallback          0x080021b1   Thumb Code     2  stm32f4xx_hal_can.o(i.HAL_CAN_TxMailbox0AbortCallback)
    HAL_CAN_TxMailbox0CompleteCallback       0x080021b3   Thumb Code     2  stm32f4xx_hal_can.o(i.HAL_CAN_TxMailbox0CompleteCallback)
    HAL_CAN_TxMailbox1AbortCallback          0x080021b5   Thumb Code     2  stm32f4xx_hal_can.o(i.HAL_CAN_TxMailbox1AbortCallback)
    HAL_CAN_TxMailbox1CompleteCallback       0x080021b7   Thumb Code     2  stm32f4xx_hal_can.o(i.HAL_CAN_TxMailbox1CompleteCallback)
    HAL_CAN_TxMailbox2AbortCallback          0x080021b9   Thumb Code     2  stm32f4xx_hal_can.o(i.HAL_CAN_TxMailbox2AbortCallback)
    HAL_CAN_TxMailbox2CompleteCallback       0x080021bb   Thumb Code     2  stm32f4xx_hal_can.o(i.HAL_CAN_TxMailbox2CompleteCallback)
    HAL_CAN_WakeUpFromRxMsgCallback          0x080021bd   Thumb Code     2  stm32f4xx_hal_can.o(i.HAL_CAN_WakeUpFromRxMsgCallback)
    HAL_DMA_Abort_IT                         0x080021bf   Thumb Code    36  stm32f4xx_hal_dma.o(i.HAL_DMA_Abort_IT)
    HAL_DMA_IRQHandler                       0x080021e5   Thumb Code   412  stm32f4xx_hal_dma.o(i.HAL_DMA_IRQHandler)
    HAL_DMA_Init                             0x08002385   Thumb Code   206  stm32f4xx_hal_dma.o(i.HAL_DMA_Init)
    HAL_DMA_Start                            0x08002459   Thumb Code    70  stm32f4xx_hal_dma.o(i.HAL_DMA_Start)
    HAL_DMA_Start_IT                         0x0800249f   Thumb Code   110  stm32f4xx_hal_dma.o(i.HAL_DMA_Start_IT)
    HAL_Delay                                0x0800250d   Thumb Code    32  stm32f4xx_hal.o(i.HAL_Delay)
    HAL_GPIO_Init                            0x08002531   Thumb Code   414  stm32f4xx_hal_gpio.o(i.HAL_GPIO_Init)
    HAL_GPIO_TogglePin                       0x08002705   Thumb Code    14  stm32f4xx_hal_gpio.o(i.HAL_GPIO_TogglePin)
    HAL_GPIO_WritePin                        0x08002713   Thumb Code    10  stm32f4xx_hal_gpio.o(i.HAL_GPIO_WritePin)
    HAL_GetTick                              0x0800271d   Thumb Code     6  stm32f4xx_hal.o(i.HAL_GetTick)
    HAL_IncTick                              0x08002729   Thumb Code    12  stm32f4xx_hal.o(i.HAL_IncTick)
    HAL_Init                                 0x08002739   Thumb Code    48  stm32f4xx_hal.o(i.HAL_Init)
    HAL_InitTick                             0x0800276d   Thumb Code    54  stm32f4xx_hal.o(i.HAL_InitTick)
    HAL_MspInit                              0x080027ad   Thumb Code    52  stm32f4xx_hal_msp.o(i.HAL_MspInit)
    HAL_NVIC_EnableIRQ                       0x080027e5   Thumb Code    26  stm32f4xx_hal_cortex.o(i.HAL_NVIC_EnableIRQ)
    HAL_NVIC_SetPriority                     0x08002801   Thumb Code    60  stm32f4xx_hal_cortex.o(i.HAL_NVIC_SetPriority)
    HAL_NVIC_SetPriorityGrouping             0x08002841   Thumb Code    26  stm32f4xx_hal_cortex.o(i.HAL_NVIC_SetPriorityGrouping)
    HAL_RCC_ClockConfig                      0x08002865   Thumb Code   288  stm32f4xx_hal_rcc.o(i.HAL_RCC_ClockConfig)
    HAL_RCC_GetPCLK1Freq                     0x08002999   Thumb Code    20  stm32f4xx_hal_rcc.o(i.HAL_RCC_GetPCLK1Freq)
    HAL_RCC_GetPCLK2Freq                     0x080029b9   Thumb Code    20  stm32f4xx_hal_rcc.o(i.HAL_RCC_GetPCLK2Freq)
    HAL_RCC_GetSysClockFreq                  0x080029d9   Thumb Code    88  stm32f4xx_hal_rcc.o(i.HAL_RCC_GetSysClockFreq)
    HAL_RCC_OscConfig                        0x08002a3d   Thumb Code   840  stm32f4xx_hal_rcc.o(i.HAL_RCC_OscConfig)
    HAL_SPI_Init                             0x08002d99   Thumb Code   128  stm32f4xx_hal_spi.o(i.HAL_SPI_Init)
    HAL_SPI_MspInit                          0x08002e19   Thumb Code   228  spi.o(i.HAL_SPI_MspInit)
    HAL_SPI_TransmitReceive                  0x08002f15   Thumb Code   482  stm32f4xx_hal_spi.o(i.HAL_SPI_TransmitReceive)
    HAL_SYSTICK_Config                       0x080030f7   Thumb Code    40  stm32f4xx_hal_cortex.o(i.HAL_SYSTICK_Config)
    HAL_TIMEx_BreakCallback                  0x0800311f   Thumb Code     2  stm32f4xx_hal_tim_ex.o(i.HAL_TIMEx_BreakCallback)
    HAL_TIMEx_CommutCallback                 0x08003121   Thumb Code     2  stm32f4xx_hal_tim_ex.o(i.HAL_TIMEx_CommutCallback)
    HAL_TIMEx_ConfigBreakDeadTime            0x08003123   Thumb Code    84  stm32f4xx_hal_tim_ex.o(i.HAL_TIMEx_ConfigBreakDeadTime)
    HAL_TIMEx_MasterConfigSynchronization    0x08003179   Thumb Code   116  stm32f4xx_hal_tim_ex.o(i.HAL_TIMEx_MasterConfigSynchronization)
    HAL_TIM_Base_Init                        0x08003209   Thumb Code    54  stm32f4xx_hal_tim.o(i.HAL_TIM_Base_Init)
    HAL_TIM_Base_MspInit                     0x08003241   Thumb Code   156  tim.o(i.HAL_TIM_Base_MspInit)
    HAL_TIM_Base_Start_IT                    0x080032f5   Thumb Code    34  stm32f4xx_hal_tim.o(i.HAL_TIM_Base_Start_IT)
    HAL_TIM_Base_Stop_IT                     0x08003317   Thumb Code    42  stm32f4xx_hal_tim.o(i.HAL_TIM_Base_Stop_IT)
    HAL_TIM_ConfigClockSource                0x08003341   Thumb Code   214  stm32f4xx_hal_tim.o(i.HAL_TIM_ConfigClockSource)
    HAL_TIM_IC_CaptureCallback               0x08003417   Thumb Code     2  stm32f4xx_hal_tim.o(i.HAL_TIM_IC_CaptureCallback)
    HAL_TIM_IRQHandler                       0x08003419   Thumb Code   358  stm32f4xx_hal_tim.o(i.HAL_TIM_IRQHandler)
    HAL_TIM_MspPostInit                      0x08003581   Thumb Code   266  tim.o(i.HAL_TIM_MspPostInit)
    HAL_TIM_OC_DelayElapsedCallback          0x080036b9   Thumb Code     2  stm32f4xx_hal_tim.o(i.HAL_TIM_OC_DelayElapsedCallback)
    HAL_TIM_PWM_ConfigChannel                0x080036bb   Thumb Code   208  stm32f4xx_hal_tim.o(i.HAL_TIM_PWM_ConfigChannel)
    HAL_TIM_PWM_Init                         0x0800378b   Thumb Code    54  stm32f4xx_hal_tim.o(i.HAL_TIM_PWM_Init)
    HAL_TIM_PWM_MspInit                      0x080037c1   Thumb Code    76  tim.o(i.HAL_TIM_PWM_MspInit)
    HAL_TIM_PWM_PulseFinishedCallback        0x08003819   Thumb Code     2  stm32f4xx_hal_tim.o(i.HAL_TIM_PWM_PulseFinishedCallback)
    HAL_TIM_PWM_Start                        0x0800381d   Thumb Code    58  stm32f4xx_hal_tim.o(i.HAL_TIM_PWM_Start)
    HAL_TIM_PWM_Stop                         0x08003861   Thumb Code    84  stm32f4xx_hal_tim.o(i.HAL_TIM_PWM_Stop)
    HAL_TIM_PeriodElapsedCallback            0x080038bd   Thumb Code    32  bsp_tim.o(i.HAL_TIM_PeriodElapsedCallback)
    HAL_TIM_TriggerCallback                  0x080038e5   Thumb Code     2  stm32f4xx_hal_tim.o(i.HAL_TIM_TriggerCallback)
    HAL_UART_ErrorCallback                   0x080038e7   Thumb Code    76  bsp_usart.o(i.HAL_UART_ErrorCallback)
    HAL_UART_GetState                        0x08003933   Thumb Code    10  stm32f4xx_hal_uart.o(i.HAL_UART_GetState)
    HAL_UART_IRQHandler                      0x0800393d   Thumb Code   270  stm32f4xx_hal_uart.o(i.HAL_UART_IRQHandler)
    HAL_UART_Init                            0x08003a51   Thumb Code    98  stm32f4xx_hal_uart.o(i.HAL_UART_Init)
    HAL_UART_MspInit                         0x08003ab5   Thumb Code   768  usart.o(i.HAL_UART_MspInit)
    HAL_UART_Receive_DMA                     0x08003df5   Thumb Code   138  stm32f4xx_hal_uart.o(i.HAL_UART_Receive_DMA)
    HAL_UART_Receive_IT                      0x08003e8d   Thumb Code    82  stm32f4xx_hal_uart.o(i.HAL_UART_Receive_IT)
    HAL_UART_RxCpltCallback                  0x08003ee1   Thumb Code    34  bsp_usart.o(i.HAL_UART_RxCpltCallback)
    HAL_UART_RxHalfCpltCallback              0x08003f0d   Thumb Code     2  stm32f4xx_hal_uart.o(i.HAL_UART_RxHalfCpltCallback)
    HAL_UART_Transmit                        0x08003f0f   Thumb Code   186  stm32f4xx_hal_uart.o(i.HAL_UART_Transmit)
    HAL_UART_Transmit_DMA                    0x08003fc9   Thumb Code   114  stm32f4xx_hal_uart.o(i.HAL_UART_Transmit_DMA)
    HAL_UART_TxCpltCallback                  0x08004049   Thumb Code     2  stm32f4xx_hal_uart.o(i.HAL_UART_TxCpltCallback)
    HAL_UART_TxHalfCpltCallback              0x0800404b   Thumb Code     2  stm32f4xx_hal_uart.o(i.HAL_UART_TxHalfCpltCallback)
    HardFault_Handler                        0x0800404d   Thumb Code     2  stm32f4xx_it.o(i.HardFault_Handler)
    IMU_Get                                  0x08004051   Thumb Code    42  bmi088driver.o(i.IMU_Get)
    InitJudgeUart                            0x08004085   Thumb Code    26  judgetask.o(i.InitJudgeUart)
    LASER_On                                 0x080040a9   Thumb Code    10  bsp_pwr.o(i.LASER_On)
    LED_R_Toggle                             0x080040b9   Thumb Code    10  bsp_led.o(i.LED_R_Toggle)
    MX_ADC1_Init                             0x080040c9   Thumb Code    88  adc.o(i.MX_ADC1_Init)
    MX_CAN1_Init                             0x0800412d   Thumb Code    62  can.o(i.MX_CAN1_Init)
    MX_CAN2_Init                             0x08004175   Thumb Code    60  can.o(i.MX_CAN2_Init)
    MX_DMA_Init                              0x080041b9   Thumb Code   152  dma.o(i.MX_DMA_Init)
    MX_FREERTOS_Init                         0x08004255   Thumb Code    74  freertos.o(i.MX_FREERTOS_Init)
    MX_GPIO_Init                             0x080042a9   Thumb Code   362  gpio.o(i.MX_GPIO_Init)
    MX_SPI1_Init                             0x08004435   Thumb Code    62  spi.o(i.MX_SPI1_Init)
    MX_TIM10_Init                            0x0800447d   Thumb Code    92  tim.o(i.MX_TIM10_Init)
    MX_TIM11_Init                            0x080044e1   Thumb Code    44  tim.o(i.MX_TIM11_Init)
    MX_TIM12_Init                            0x08004515   Thumb Code    84  tim.o(i.MX_TIM12_Init)
    MX_TIM1_Init                             0x08004571   Thumb Code   204  tim.o(i.MX_TIM1_Init)
    MX_TIM4_Init                             0x08004645   Thumb Code   146  tim.o(i.MX_TIM4_Init)
    MX_TIM5_Init                             0x080046e1   Thumb Code   164  tim.o(i.MX_TIM5_Init)
    MX_TIM6_Init                             0x0800478d   Thumb Code    62  tim.o(i.MX_TIM6_Init)
    MX_UART7_Init                            0x080047d5   Thumb Code    48  usart.o(i.MX_UART7_Init)
    MX_USART1_UART_Init                      0x0800480d   Thumb Code    48  usart.o(i.MX_USART1_UART_Init)
    MX_USART2_UART_Init                      0x08004845   Thumb Code    48  usart.o(i.MX_USART2_UART_Init)
    MX_USART3_UART_Init                      0x0800487d   Thumb Code    50  usart.o(i.MX_USART3_UART_Init)
    MX_USART6_UART_Init                      0x080048bd   Thumb Code    48  usart.o(i.MX_USART6_UART_Init)
    MemManage_Handler                        0x080048f5   Thumb Code     2  stm32f4xx_it.o(i.MemManage_Handler)
    NMI_Handler                              0x080048f7   Thumb Code     2  stm32f4xx_it.o(i.NMI_Handler)
    PID_Calculate                            0x080048f9   Thumb Code   466  pid.o(i.PID_Calculate)
    PID_Init                                 0x08004ad5   Thumb Code    18  pid.o(i.PID_Init)
    PID_Reset                                0x08004aed   Thumb Code     6  pid.o(i.PID_Reset)
    PWM_init                                 0x08004af3   Thumb Code     2  bsp_pwm.o(i.PWM_init)
    PWR24V_On                                0x08004af5   Thumb Code    48  bsp_pwr.o(i.PWR24V_On)
    Pluck_angle                              0x08004b29   Thumb Code    54  gimbal.o(i.Pluck_angle)
    RC_Singleshot                            0x08004b6d   Thumb Code   322  rc_control.o(i.RC_Singleshot)
    RC_Vision_aiming                         0x08004cc5   Thumb Code   218  rc_control.o(i.RC_Vision_aiming)
    Referee_Update_BuffMask                  0x08004dc1   Thumb Code    18  judgetask.o(i.Referee_Update_BuffMask)
    Referee_Update_PowerHeatData             0x08004ddd   Thumb Code   104  judgetask.o(i.Referee_Update_PowerHeatData)
    Referee_Update_RobotState                0x08004e4d   Thumb Code   252  judgetask.o(i.Referee_Update_RobotState)
    Referee_Update_ShootData                 0x08004f5d   Thumb Code    48  judgetask.o(i.Referee_Update_ShootData)
    Referee_Update_hurt                      0x08004f95   Thumb Code    18  judgetask.o(i.Referee_Update_hurt)
    StartControl                             0x0800509d   Thumb Code    74  freertos.o(i.StartControl)
    StartDebug                               0x080050f9   Thumb Code     6  freertos.o(i.StartDebug)
    StartDefaultTask                         0x08005101   Thumb Code    38  freertos.o(i.StartDefaultTask)
    SysTick_Handler                          0x08005135   Thumb Code    24  stm32f4xx_it.o(i.SysTick_Handler)
    SystemClock_Config                       0x0800514d   Thumb Code   126  main.o(i.SystemClock_Config)
    SystemInit                               0x080051d5   Thumb Code    66  system_stm32f4xx.o(i.SystemInit)
    TIM1_TRG_COM_TIM11_IRQHandler            0x08005229   Thumb Code    18  stm32f4xx_it.o(i.TIM1_TRG_COM_TIM11_IRQHandler)
    TIM4_IRQHandler                          0x08005245   Thumb Code    44  usmart.o(i.TIM4_IRQHandler)
    TIM6_DAC_IRQHandler                      0x08005279   Thumb Code     6  stm32f4xx_it.o(i.TIM6_DAC_IRQHandler)
    TIM_Base_SetConfig                       0x08005285   Thumb Code   156  stm32f4xx_hal_tim.o(i.TIM_Base_SetConfig)
    TIM_CCxChannelCmd                        0x0800534d   Thumb Code    26  stm32f4xx_hal_tim.o(i.TIM_CCxChannelCmd)
    TIM_ETR_SetConfig                        0x08005367   Thumb Code    20  stm32f4xx_hal_tim.o(i.TIM_ETR_SetConfig)
    TIM_OC2_SetConfig                        0x080053ed   Thumb Code    98  stm32f4xx_hal_tim.o(i.TIM_OC2_SetConfig)
    Timer4_Init                              0x08005559   Thumb Code    72  usmart.o(i.Timer4_Init)
    USART1_IRQHandler                        0x08005939   Thumb Code     6  stm32f4xx_it.o(i.USART1_IRQHandler)
    USART2_IRQHandler                        0x08005945   Thumb Code     6  stm32f4xx_it.o(i.USART2_IRQHandler)
    USART3_IRQHandler                        0x08005951   Thumb Code    18  stm32f4xx_it.o(i.USART3_IRQHandler)
    USART6_IRQHandler                        0x08005969   Thumb Code    34  stm32f4xx_it.o(i.USART6_IRQHandler)
    UsageFault_Handler                       0x08005995   Thumb Code     2  stm32f4xx_it.o(i.UsageFault_Handler)
    VisionUartRxCpltCallback_2               0x08005999   Thumb Code   310  gimbal.o(i.VisionUartRxCpltCallback_2)
    Vision_aiming                            0x08005af9   Thumb Code   208  gimbal.o(i.Vision_aiming)
    __0printf                                0x08005be5   Thumb Code    22  printfa.o(i.__0printf)
    __1printf                                0x08005be5   Thumb Code     0  printfa.o(i.__0printf)
    __2printf                                0x08005be5   Thumb Code     0  printfa.o(i.__0printf)
    __c89printf                              0x08005be5   Thumb Code     0  printfa.o(i.__0printf)
    printf                                   0x08005be5   Thumb Code     0  printfa.o(i.__0printf)
    __ARM_fpclassify                         0x08005c05   Thumb Code    48  fpclassify.o(i.__ARM_fpclassify)
    __hardfp_acos                            0x08005c59   Thumb Code   738  acos.o(i.__hardfp_acos)
    __hardfp_asin                            0x08005fb1   Thumb Code   770  asin.o(i.__hardfp_asin)
    __hardfp_atan                            0x08006311   Thumb Code   622  atan.o(i.__hardfp_atan)
    __hardfp_atan2                           0x080065e9   Thumb Code   432  atan2.o(i.__hardfp_atan2)
    __hardfp_cos                             0x080067d9   Thumb Code   180  cos.o(i.__hardfp_cos)
    __hardfp_pow                             0x080068a1   Thumb Code  3044  pow.o(i.__hardfp_pow)
    __hardfp_sin                             0x080074d9   Thumb Code   180  sin.o(i.__hardfp_sin)
    __hardfp_sqrt                            0x080075a1   Thumb Code   122  sqrt.o(i.__hardfp_sqrt)
    __ieee754_rem_pio2                       0x08007621   Thumb Code   938  rred.o(i.__ieee754_rem_pio2)
    __kernel_cos                             0x08007a59   Thumb Code   322  cos_i.o(i.__kernel_cos)
    __kernel_poly                            0x08007bc9   Thumb Code   248  poly.o(i.__kernel_poly)
    __kernel_sin                             0x08007cc1   Thumb Code   280  sin_i.o(i.__kernel_sin)
    __mathlib_dbl_divzero                    0x08007df1   Thumb Code    28  dunder.o(i.__mathlib_dbl_divzero)
    __mathlib_dbl_infnan                     0x08007e21   Thumb Code    20  dunder.o(i.__mathlib_dbl_infnan)
    __mathlib_dbl_infnan2                    0x08007e35   Thumb Code    20  dunder.o(i.__mathlib_dbl_infnan2)
    __mathlib_dbl_invalid                    0x08007e49   Thumb Code    24  dunder.o(i.__mathlib_dbl_invalid)
    __mathlib_dbl_overflow                   0x08007e69   Thumb Code    24  dunder.o(i.__mathlib_dbl_overflow)
    __mathlib_dbl_underflow                  0x08007e89   Thumb Code    24  dunder.o(i.__mathlib_dbl_underflow)
    __scatterload_copy                       0x08007ea9   Thumb Code    14  handlers.o(i.__scatterload_copy)
    __scatterload_null                       0x08007eb7   Thumb Code     2  handlers.o(i.__scatterload_null)
    __scatterload_zeroinit                   0x08007eb9   Thumb Code    14  handlers.o(i.__scatterload_zeroinit)
    __set_errno                              0x08007ec9   Thumb Code     6  errno.o(i.__set_errno)
    abs_limit                                0x08008767   Thumb Code    42  pid.o(i.abs_limit)
    atan                                     0x08008791   Thumb Code    16  atan.o(i.atan)
    bmi088_accel_init                        0x080087a1   Thumb Code   266  bmi088driver.o(i.bmi088_accel_init)
    bmi088_gyro_init                         0x080088b1   Thumb Code   214  bmi088driver.o(i.bmi088_gyro_init)
    dbus_uart_init                           0x0800898d   Thumb Code    64  bsp_rc.o(i.dbus_uart_init)
    fabs                                     0x080089d5   Thumb Code    24  fabs.o(i.fabs)
    fputc                                    0x080089ed   Thumb Code    20  bsp_usart.o(i.fputc)
    get_total_angle_2006                     0x08008a05   Thumb Code   148  bsp_can.o(i.get_total_angle_2006)
    get_total_angle_6020                     0x08008aa1   Thumb Code   118  bsp_can.o(i.get_total_angle_6020)
    imu_ahrs_update                          0x08008b19   Thumb Code  1046  bmi088driver.o(i.imu_ahrs_update)
    imu_attitude_update                      0x08008f31   Thumb Code   346  bmi088driver.o(i.imu_attitude_update)
    inv_sqrt                                 0x080090a5   Thumb Code    40  bmi088driver.o(i.inv_sqrt)
    judgeUartRxCpltCallback                  0x080090d1   Thumb Code   250  judgetask.o(i.judgeUartRxCpltCallback)
    limit                                    0x080091d9   Thumb Code    30  chassis.o(i.limit)
    main                                     0x080091f7   Thumb Code    94  main.o(i.main)
    map                                      0x08009261   Thumb Code    40  chassis.o(i.map)
    mpu_get_data                             0x08009289   Thumb Code    94  bmi088driver.o(i.mpu_get_data)
    mpu_offset_call                          0x080092f9   Thumb Code   198  bmi088driver.o(i.mpu_offset_call)
    myGet_CRC16_Check_Sum                    0x080093c9   Thumb Code    38  judgetask.o(i.myGet_CRC16_Check_Sum)
    myGet_CRC8_Check_Sum                     0x080093f5   Thumb Code    24  judgetask.o(i.myGet_CRC8_Check_Sum)
    myVerify_CRC16_Check_Sum                 0x08009411   Thumb Code    52  judgetask.o(i.myVerify_CRC16_Check_Sum)
    myVerify_CRC8_Check_Sum                  0x08009445   Thumb Code    38  judgetask.o(i.myVerify_CRC8_Check_Sum)
    osDelay                                  0x0800946b   Thumb Code    14  cmsis_os.o(i.osDelay)
    osKernelStart                            0x08009479   Thumb Code    10  cmsis_os.o(i.osKernelStart)
    osThreadCreate                           0x08009483   Thumb Code    84  cmsis_os.o(i.osThreadCreate)
    pvPortMalloc                             0x08009825   Thumb Code   210  heap_4.o(i.pvPortMalloc)
    pxPortInitialiseStack                    0x080098fd   Thumb Code    40  port.o(i.pxPortInitialiseStack)
    rc_callback_handler                      0x08009929   Thumb Code   236  bsp_rc.o(i.rc_callback_handler)
    read_addr                                0x08009a15   Thumb Code     4  usmart.o(i.read_addr)
    sqrt                                     0x08009a19   Thumb Code   110  sqrt.o(i.sqrt)
    uart_receive_handler                     0x08009a89   Thumb Code    92  bsp_rc.o(i.uart_receive_handler)
    usmart_cmd_rec                           0x08009af1   Thumb Code   144  usmart.o(i.usmart_cmd_rec)
    usmart_exe                               0x08009b85   Thumb Code   514  usmart.o(i.usmart_exe)
    usmart_get_aparm                         0x08009de9   Thumb Code   166  usmart_str.o(i.usmart_get_aparm)
    usmart_get_cmdname                       0x08009e8f   Thumb Code    46  usmart_str.o(i.usmart_get_cmdname)
    usmart_get_fname                         0x08009ebd   Thumb Code   358  usmart_str.o(i.usmart_get_fname)
    usmart_get_fparam                        0x0800a02d   Thumb Code   208  usmart_str.o(i.usmart_get_fparam)
    usmart_get_parmpos                       0x0800a101   Thumb Code    30  usmart_str.o(i.usmart_get_parmpos)
    usmart_get_runtime                       0x0800a125   Thumb Code    38  usmart.o(i.usmart_get_runtime)
    usmart_init                              0x0800a155   Thumb Code    36  usmart.o(i.usmart_init)
    usmart_pow                               0x0800a17d   Thumb Code    16  usmart_str.o(i.usmart_pow)
    usmart_reset_runtime                     0x0800a18d   Thumb Code    32  usmart.o(i.usmart_reset_runtime)
    usmart_scan                              0x0800a1b5   Thumb Code    94  usmart.o(i.usmart_scan)
    usmart_search_nextc                      0x0800a259   Thumb Code    16  usmart_str.o(i.usmart_search_nextc)
    usmart_str2num                           0x0800a269   Thumb Code   214  usmart_str.o(i.usmart_str2num)
    usmart_strcmp                            0x0800a33f   Thumb Code    24  usmart_str.o(i.usmart_strcmp)
    usmart_strcopy                           0x0800a357   Thumb Code    18  usmart_str.o(i.usmart_strcopy)
    usmart_strlen                            0x0800a369   Thumb Code    18  usmart_str.o(i.usmart_strlen)
    usmart_sys_cmd_exe                       0x0800a37d   Thumb Code  1458  usmart.o(i.usmart_sys_cmd_exe)
    uxListRemove                             0x0800a9fd   Thumb Code    38  list.o(i.uxListRemove)
    vApplicationGetIdleTaskMemory            0x0800aa25   Thumb Code    16  freertos.o(i.vApplicationGetIdleTaskMemory)
    vListInitialise                          0x0800aa39   Thumb Code    22  list.o(i.vListInitialise)
    vListInitialiseItem                      0x0800aa4f   Thumb Code     6  list.o(i.vListInitialiseItem)
    vListInsert                              0x0800aa55   Thumb Code    48  list.o(i.vListInsert)
    vListInsertEnd                           0x0800aa85   Thumb Code    24  list.o(i.vListInsertEnd)
    vPortEnterCritical                       0x0800aa9d   Thumb Code    54  port.o(i.vPortEnterCritical)
    vPortExitCritical                        0x0800aadd   Thumb Code    34  port.o(i.vPortExitCritical)
    vPortFree                                0x0800ab05   Thumb Code    88  heap_4.o(i.vPortFree)
    vPortSetupTimerInterrupt                 0x0800ab61   Thumb Code    32  port.o(i.vPortSetupTimerInterrupt)
    vTaskDelay                               0x0800ab85   Thumb Code    66  tasks.o(i.vTaskDelay)
    vTaskStartScheduler                      0x0800abd1   Thumb Code    90  tasks.o(i.vTaskStartScheduler)
    vTaskSuspendAll                          0x0800ac3d   Thumb Code    10  tasks.o(i.vTaskSuspendAll)
    vTaskSwitchContext                       0x0800ac4d   Thumb Code    82  tasks.o(i.vTaskSwitchContext)
    velocity                                 0x0800aca9   Thumb Code   290  chassis.o(i.velocity)
    write_addr                               0x0800addd   Thumb Code     4  usmart.o(i.write_addr)
    xPortStartScheduler                      0x0800ade1   Thumb Code   222  port.o(i.xPortStartScheduler)
    xPortSysTickHandler                      0x0800aed5   Thumb Code    38  port.o(i.xPortSysTickHandler)
    xTaskCreate                              0x0800af01   Thumb Code    90  tasks.o(i.xTaskCreate)
    xTaskCreateStatic                        0x0800af5b   Thumb Code    86  tasks.o(i.xTaskCreateStatic)
    xTaskGetSchedulerState                   0x0800afb1   Thumb Code    22  tasks.o(i.xTaskGetSchedulerState)
    xTaskIncrementTick                       0x0800afcd   Thumb Code   192  tasks.o(i.xTaskIncrementTick)
    xTaskResumeAll                           0x0800b095   Thumb Code   182  tasks.o(i.xTaskResumeAll)
    AHBPrescTable                            0x0800b1ac   Data          16  system_stm32f4xx.o(.constdata)
    APBPrescTable                            0x0800b1bc   Data           8  system_stm32f4xx.o(.constdata)
    myCRC8_TAB                               0x0800b1c4   Data         256  judgetask.o(.constdata)
    mywCRC_Table                             0x0800b2c4   Data         512  judgetask.o(.constdata)
    __mathlib_zero                           0x0800b6c0   Data           8  qnan.o(.constdata)
    Region$$Table$$Base                      0x0800b88c   Number         0  anon$$obj.o(Region$$Table)
    Region$$Table$$Limit                     0x0800b8ac   Number         0  anon$$obj.o(Region$$Table)
    defaultTaskHandle                        0x20000004   Data           4  freertos.o(.data)
    ControlHandle                            0x20000008   Data           4  freertos.o(.data)
    DebugHandle                              0x2000000c   Data           4  freertos.o(.data)
    SystemCoreClock                          0x20000010   Data           4  system_stm32f4xx.o(.data)
    tim11_cnt                                0x20000014   Data           2  bsp_tim.o(.data)
    USART_RX_STA                             0x20000016   Data           2  bsp_usart.o(.data)
    aRxBuffer                                0x20000018   Data           1  bsp_usart.o(.data)
    CAN1_CNT                                 0x2000001a   Data           2  bsp_can.o(.data)
    CAN2_CNT                                 0x2000001c   Data           2  bsp_can.o(.data)
    q0                                       0x20000020   Data           4  bmi088driver.o(.data)
    q1                                       0x20000024   Data           4  bmi088driver.o(.data)
    q2                                       0x20000028   Data           4  bmi088driver.o(.data)
    q3                                       0x2000002c   Data           4  bmi088driver.o(.data)
    BMI088_ACCEL_SEN                         0x20000030   Data           4  bmi088driver.o(.data)
    BMI088_GYRO_SEN                          0x20000034   Data           4  bmi088driver.o(.data)
    exInt                                    0x20000038   Data           4  bmi088driver.o(.data)
    eyInt                                    0x2000003c   Data           4  bmi088driver.o(.data)
    ezInt                                    0x20000040   Data           4  bmi088driver.o(.data)
    last_update                              0x20000068   Data           4  bmi088driver.o(.data)
    now_update                               0x2000006c   Data           4  bmi088driver.o(.data)
    Temp                                     0x20000070   Data           4  bmi088driver.o(.data)
    Vision_receiving                         0x20000098   Data           1  gimbal.o(.data)
    Vision_buffercnt                         0x20000099   Data           1  gimbal.o(.data)
    tmp_vision                               0x2000009a   Data           1  gimbal.o(.data)
    spin_angle_set                           0x2000009c   Data           4  gimbal.o(.data)
    pitch_angle_set                          0x200000a0   Data           4  gimbal.o(.data)
    rc_flag                                  0x200000a4   Data           1  rc_control.o(.data)
    rc_f                                     0x200000a8   Data           1  rc_control.o(.data)
    rc_n                                     0x200000a9   Data           1  rc_control.o(.data)
    GM6020_flag                              0x200000ac   Data           4  rc_control.o(.data)
    sys_cmd_tab                              0x200000b0   Data          28  usmart.o(.data)
    usmart_nametab                           0x200000cc   Data          32  usmart_config.o(.data)
    usmart_dev                               0x200000ec   Data         244  usmart_config.o(.data)
    receiving                                0x200001e0   Data           1  judgetask.o(.data)
    buffercnt                                0x200001e1   Data           1  judgetask.o(.data)
    JUDGE_Received                           0x200001e2   Data           1  judgetask.o(.data)
    JUDGE_State                              0x200001e3   Data           1  judgetask.o(.data)
    tmp_judge                                0x200001e4   Data           1  judgetask.o(.data)
    hurtLck                                  0x200001e5   Data           1  judgetask.o(.data)
    BuffMask                                 0x200001e6   Data           1  judgetask.o(.data)
    maxHP                                    0x200001e8   Data           2  judgetask.o(.data)
    maxHeat0                                 0x200001ea   Data           2  judgetask.o(.data)
    remainHeat0                              0x200001ec   Data           2  judgetask.o(.data)
    maxHeat1                                 0x200001ee   Data           2  judgetask.o(.data)
    remainHeat1                              0x200001f0   Data           2  judgetask.o(.data)
    RealHeat0                                0x200001f2   Data           2  judgetask.o(.data)
    cmdID                                    0x200001f8   Data           2  judgetask.o(.data)
    realBulletSpeed0                         0x200001fc   Data           4  judgetask.o(.data)
    cooldown0                                0x20000200   Data           4  judgetask.o(.data)
    ph01                                     0x20000208   Data           4  judgetask.o(.data)
    ShootData                                0x2000020c   Data           6  judgetask.o(.data)
    uwTickFreq                               0x20000214   Data           1  stm32f4xx_hal.o(.data)
    uwTickPrio                               0x20000218   Data           4  stm32f4xx_hal.o(.data)
    uwTick                                   0x2000021c   Data           4  stm32f4xx_hal.o(.data)
    pxCurrentTCB                             0x20000220   Data           4  tasks.o(.data)
    __stdout                                 0x20000280   Data           4  stdout.o(.data)
    hadc1                                    0x20000288   Data          72  adc.o(.bss)
    hcan1                                    0x200002d0   Data          40  can.o(.bss)
    hcan2                                    0x200002f8   Data          40  can.o(.bss)
    hspi1                                    0x20000574   Data          88  spi.o(.bss)
    hdma_spi1_rx                             0x200005cc   Data          96  spi.o(.bss)
    hdma_spi1_tx                             0x2000062c   Data          96  spi.o(.bss)
    htim1                                    0x2000068c   Data          64  tim.o(.bss)
    htim4                                    0x200006cc   Data          64  tim.o(.bss)
    htim5                                    0x2000070c   Data          64  tim.o(.bss)
    htim6                                    0x2000074c   Data          64  tim.o(.bss)
    htim10                                   0x2000078c   Data          64  tim.o(.bss)
    htim11                                   0x200007cc   Data          64  tim.o(.bss)
    htim12                                   0x2000080c   Data          64  tim.o(.bss)
    huart7                                   0x2000084c   Data          64  usart.o(.bss)
    huart1                                   0x2000088c   Data          64  usart.o(.bss)
    huart2                                   0x200008cc   Data          64  usart.o(.bss)
    huart3                                   0x2000090c   Data          64  usart.o(.bss)
    huart6                                   0x2000094c   Data          64  usart.o(.bss)
    hdma_usart1_rx                           0x2000098c   Data          96  usart.o(.bss)
    hdma_usart1_tx                           0x200009ec   Data          96  usart.o(.bss)
    hdma_usart2_rx                           0x20000a4c   Data          96  usart.o(.bss)
    hdma_usart2_tx                           0x20000aac   Data          96  usart.o(.bss)
    hdma_usart3_rx                           0x20000b0c   Data          96  usart.o(.bss)
    USART2_RX_BUF                            0x20000b6c   Data         200  bsp_usart.o(.bss)
    CAN_GM6020                               0x20000c34   Data          40  bsp_can.o(.bss)
    CAN_M2006                                0x20000c5c   Data          40  bsp_can.o(.bss)
    CAN_M3508                                0x20000c84   Data         120  bsp_can.o(.bss)
    powerData                                0x20000cfc   Data          16  bsp_can.o(.bss)
    dbus_buf                                 0x20000d0c   Data          18  bsp_rc.o(.bss)
    rc                                       0x20000d1e   Data          28  bsp_rc.o(.bss)
    imu                                      0x20000d3c   Data          64  bmi088driver.o(.bss)
    mpu_data                                 0x20000d7c   Data          64  bmi088driver.o(.bss)
    Gyro                                     0x20000dbc   Data          12  bmi088driver.o(.bss)
    Accel                                    0x20000dc8   Data          12  bmi088driver.o(.bss)
    PID_GM6020                               0x20000dd4   Data         208  pid.o(.bss)
    PID_GM6020_speed                         0x20000ea4   Data         208  pid.o(.bss)
    PID_M2006                                0x20000f74   Data         208  pid.o(.bss)
    PID_M2006_ANGLE                          0x20001044   Data         208  pid.o(.bss)
    PID_M3508                                0x20001114   Data         624  pid.o(.bss)
    PID_M3508_Follow                         0x20001384   Data         104  pid.o(.bss)
    PID_HEAT_PWM                             0x200013ec   Data         104  pid.o(.bss)
    BN                                       0x20001454   Data          84  chassis.o(.bss)
    setSpeed                                 0x200014a8   Data          16  chassis.o(.bss)
    Vision_buffer                            0x200014b8   Data          10  gimbal.o(.bss)
    datadata                                 0x200014c4   Data          32  gimbal.o(.bss)
    aTxVisionMessages                        0x200014e4   Data          22  gimbal.o(.bss)
    TIM4_Handler                             0x200014fc   Data          64  usmart.o(.bss)
    buffer                                   0x2000153c   Data          80  judgetask.o(.bss)
    user_data                                0x2000158c   Data          13  judgetask.o(.bss)
    GameRobotState                           0x20001599   Data          15  judgetask.o(.bss)
    PowerHeat                                0x200015a8   Data          14  judgetask.o(.bss)
    custom_data                              0x200015b6   Data          13  judgetask.o(.bss)
    __initial_sp                             0x200056b8   Data           0  startup_stm32f427xx.o(STACK)



==============================================================================

Memory Map of the image

  Image Entry point : 0x080001ad

  Load Region LR_IROM1 (Base: 0x08000000, Size: 0x0000bb34, Max: 0x00200000, ABSOLUTE, COMPRESSED[0x0000b94c])

    Execution Region ER_IROM1 (Base: 0x08000000, Size: 0x0000b8ac, Max: 0x00200000, ABSOLUTE)

    Base Addr    Size         Type   Attr      Idx    E Section Name        Object

    0x08000000   0x000001ac   Data   RO            3    RESET               startup_stm32f427xx.o
    0x080001ac   0x00000000   Code   RO         7121  * .ARM.Collect$$$$00000000  mc_w.l(entry.o)
    0x080001ac   0x00000004   Code   RO         7472    .ARM.Collect$$$$00000001  mc_w.l(entry2.o)
    0x080001b0   0x00000004   Code   RO         7475    .ARM.Collect$$$$00000004  mc_w.l(entry5.o)
    0x080001b4   0x00000000   Code   RO         7477    .ARM.Collect$$$$00000008  mc_w.l(entry7b.o)
    0x080001b4   0x00000000   Code   RO         7479    .ARM.Collect$$$$0000000A  mc_w.l(entry8b.o)
    0x080001b4   0x00000008   Code   RO         7480    .ARM.Collect$$$$0000000B  mc_w.l(entry9a.o)
    0x080001bc   0x00000000   Code   RO         7482    .ARM.Collect$$$$0000000D  mc_w.l(entry10a.o)
    0x080001bc   0x00000000   Code   RO         7484    .ARM.Collect$$$$0000000F  mc_w.l(entry11a.o)
    0x080001bc   0x00000004   Code   RO         7473    .ARM.Collect$$$$00002712  mc_w.l(entry2.o)
    0x080001c0   0x000000be   Code   RO         6922    .emb_text           port.o
    0x0800027e   0x00000002   PAD
    0x08000280   0x00000024   Code   RO            4    .text               startup_stm32f427xx.o
    0x080002a4   0x00000062   Code   RO         7124    .text               mc_w.l(uldiv.o)
    0x08000306   0x00000024   Code   RO         7126    .text               mc_w.l(memcpya.o)
    0x0800032a   0x00000024   Code   RO         7130    .text               mc_w.l(memseta.o)
    0x0800034e   0x0000014e   Code   RO         7423    .text               mf_w.l(dadd.o)
    0x0800049c   0x000000e4   Code   RO         7425    .text               mf_w.l(dmul.o)
    0x08000580   0x00000022   Code   RO         7427    .text               mf_w.l(dflti.o)
    0x080005a2   0x0000001a   Code   RO         7429    .text               mf_w.l(dfltui.o)
    0x080005bc   0x00000026   Code   RO         7431    .text               mf_w.l(f2d.o)
    0x080005e2   0x00000002   PAD
    0x080005e4   0x00000030   Code   RO         7433    .text               mf_w.l(cdcmple.o)
    0x08000614   0x00000030   Code   RO         7435    .text               mf_w.l(cdrcmple.o)
    0x08000644   0x00000038   Code   RO         7437    .text               mf_w.l(d2f.o)
    0x0800067c   0x0000002c   Code   RO         7487    .text               mc_w.l(uidiv.o)
    0x080006a8   0x0000001e   Code   RO         7489    .text               mc_w.l(llshl.o)
    0x080006c6   0x00000020   Code   RO         7491    .text               mc_w.l(llushr.o)
    0x080006e6   0x00000024   Code   RO         7493    .text               mc_w.l(llsshr.o)
    0x0800070a   0x00000000   Code   RO         7504    .text               mc_w.l(iusefp.o)
    0x0800070a   0x0000006e   Code   RO         7505    .text               mf_w.l(fepilogue.o)
    0x08000778   0x000000ba   Code   RO         7507    .text               mf_w.l(depilogue.o)
    0x08000832   0x000000de   Code   RO         7509    .text               mf_w.l(ddiv.o)
    0x08000910   0x0000002e   Code   RO         7513    .text               mf_w.l(dscalb.o)
    0x0800093e   0x000000a2   Code   RO         7515    .text               mf_w.l(dsqrt.o)
    0x080009e0   0x00000030   Code   RO         7519    .text               mf_w.l(dfixul.o)
    0x08000a10   0x00000024   Code   RO         7521    .text               mc_w.l(init.o)
    0x08000a34   0x0000003e   Code   RO         7523    .text               mf_w.l(dfixi.o)
    0x08000a72   0x00000056   Code   RO         7533    .text               mc_w.l(__dczerorl2.o)
    0x08000ac8   0x00000128   Code   RO         2427    i.ADC_Init          stm32f4xx_hal_adc.o
    0x08000bf0   0x00000010   Code   RO         1635    i.BMI088_ACCEL_NS_H  bmi088middleware.o
    0x08000c00   0x00000010   Code   RO         1636    i.BMI088_ACCEL_NS_L  bmi088middleware.o
    0x08000c10   0x00000002   Code   RO         1637    i.BMI088_GPIO_init  bmi088middleware.o
    0x08000c12   0x00000002   PAD
    0x08000c14   0x00000010   Code   RO         1638    i.BMI088_GYRO_NS_H  bmi088middleware.o
    0x08000c24   0x00000010   Code   RO         1639    i.BMI088_GYRO_NS_L  bmi088middleware.o
    0x08000c34   0x00000002   Code   RO         1640    i.BMI088_com_init   bmi088middleware.o
    0x08000c36   0x00000018   Code   RO         1641    i.BMI088_delay_ms   bmi088middleware.o
    0x08000c4e   0x0000002e   Code   RO         1642    i.BMI088_delay_us   bmi088middleware.o
    0x08000c7c   0x00000018   Code   RO         1361    i.BMI088_init       bmi088driver.o
    0x08000c94   0x00000158   Code   RO         1362    i.BMI088_read       bmi088driver.o
    0x08000dec   0x0000011c   Code   RO         1363    i.BMI088_read_in    bmi088driver.o
    0x08000f08   0x00000024   Code   RO         1364    i.BMI088_read_muli_reg  bmi088driver.o
    0x08000f2c   0x00000016   Code   RO         1365    i.BMI088_read_single_reg  bmi088driver.o
    0x08000f42   0x00000002   PAD
    0x08000f44   0x00000020   Code   RO         1643    i.BMI088_read_write_byte  bmi088middleware.o
    0x08000f64   0x00000012   Code   RO         1366    i.BMI088_write_single_reg  bmi088driver.o
    0x08000f76   0x00000002   PAD
    0x08000f78   0x000000a8   Code   RO         1781    i.BNumberInit       chassis.o
    0x08001020   0x00000258   Code   RO           13    i.BSP_All_Init      main.o
    0x08001278   0x0000002c   Code   RO         1966    i.BT_Check          bluetooth.o
    0x080012a4   0x0000000c   Code   RO         1967    i.BT_ResetPID1      bluetooth.o
    0x080012b0   0x00000024   Code   RO         1189    i.Beep              bsp_beep.o
    0x080012d4   0x0000000c   Code   RO         1190    i.Beep_Off          bsp_beep.o
    0x080012e0   0x00000002   Code   RO          738    i.BusFault_Handler  stm32f4xx_it.o
    0x080012e2   0x00000002   PAD
    0x080012e4   0x0000000c   Code   RO          739    i.CAN1_RX0_IRQHandler  stm32f4xx_it.o
    0x080012f0   0x0000000c   Code   RO          740    i.CAN2_RX0_IRQHandler  stm32f4xx_it.o
    0x080012fc   0x00000054   Code   RO         1076    i.CAN_Chassis_SendCurrent2  bsp_can.o
    0x08001350   0x00000080   Code   RO         1077    i.CAN_FilterInit    bsp_can.o
    0x080013d0   0x00000054   Code   RO         1078    i.CAN_GM6020_Gimbal_SendVoltage  bsp_can.o
    0x08001424   0x00000050   Code   RO         1079    i.CAN_M3508_Chassis_SendCurrent  bsp_can.o
    0x08001474   0x00000056   Code   RO         1081    i.CAN_SendMsg       bsp_can.o
    0x080014ca   0x00000002   PAD
    0x080014cc   0x0000000c   Code   RO          741    i.DMA1_Stream1_IRQHandler  stm32f4xx_it.o
    0x080014d8   0x0000000c   Code   RO          742    i.DMA1_Stream5_IRQHandler  stm32f4xx_it.o
    0x080014e4   0x0000000c   Code   RO          743    i.DMA1_Stream6_IRQHandler  stm32f4xx_it.o
    0x080014f0   0x0000000c   Code   RO          744    i.DMA2_Stream0_IRQHandler  stm32f4xx_it.o
    0x080014fc   0x0000000c   Code   RO          745    i.DMA2_Stream2_IRQHandler  stm32f4xx_it.o
    0x08001508   0x0000000c   Code   RO          746    i.DMA2_Stream3_IRQHandler  stm32f4xx_it.o
    0x08001514   0x0000000c   Code   RO          747    i.DMA2_Stream7_IRQHandler  stm32f4xx_it.o
    0x08001520   0x00000028   Code   RO         3210    i.DMA_CalcBaseAndBitshift  stm32f4xx_hal_dma.o
    0x08001548   0x00000054   Code   RO         3211    i.DMA_CheckFifoParam  stm32f4xx_hal_dma.o
    0x0800159c   0x00000028   Code   RO         3212    i.DMA_SetConfig     stm32f4xx_hal_dma.o
    0x080015c4   0x00000002   Code   RO          748    i.DebugMon_Handler  stm32f4xx_it.o
    0x080015c6   0x00000002   Code   RO           14    i.Error_Handler     main.o
    0x080015c8   0x00000164   Code   RO         2429    i.HAL_ADC_ConfigChannel  stm32f4xx_hal_adc.o
    0x0800172c   0x00000054   Code   RO         2438    i.HAL_ADC_Init      stm32f4xx_hal_adc.o
    0x08001780   0x00000060   Code   RO          356    i.HAL_ADC_MspInit   adc.o
    0x080017e0   0x00000024   Code   RO         3914    i.HAL_CAN_ActivateNotification  stm32f4xx_hal_can.o
    0x08001804   0x000000c8   Code   RO         3915    i.HAL_CAN_AddTxMessage  stm32f4xx_hal_can.o
    0x080018cc   0x0000010c   Code   RO         3916    i.HAL_CAN_ConfigFilter  stm32f4xx_hal_can.o
    0x080019d8   0x00000002   Code   RO         3919    i.HAL_CAN_ErrorCallback  stm32f4xx_hal_can.o
    0x080019da   0x000000e8   Code   RO         3922    i.HAL_CAN_GetRxMessage  stm32f4xx_hal_can.o
    0x08001ac2   0x0000002c   Code   RO         3924    i.HAL_CAN_GetTxMailboxesFreeLevel  stm32f4xx_hal_can.o
    0x08001aee   0x000001fc   Code   RO         3926    i.HAL_CAN_IRQHandler  stm32f4xx_hal_can.o
    0x08001cea   0x0000011a   Code   RO         3927    i.HAL_CAN_Init      stm32f4xx_hal_can.o
    0x08001e04   0x000000fc   Code   RO          398    i.HAL_CAN_MspInit   can.o
    0x08001f00   0x00000002   Code   RO         3934    i.HAL_CAN_RxFifo0FullCallback  stm32f4xx_hal_can.o
    0x08001f02   0x00000002   PAD
    0x08001f04   0x0000024c   Code   RO         1082    i.HAL_CAN_RxFifo0MsgPendingCallback  bsp_can.o
    0x08002150   0x00000002   Code   RO         3936    i.HAL_CAN_RxFifo1FullCallback  stm32f4xx_hal_can.o
    0x08002152   0x00000002   Code   RO         3937    i.HAL_CAN_RxFifo1MsgPendingCallback  stm32f4xx_hal_can.o
    0x08002154   0x00000002   Code   RO         3938    i.HAL_CAN_SleepCallback  stm32f4xx_hal_can.o
    0x08002156   0x00000002   PAD
    0x08002158   0x00000058   Code   RO         3939    i.HAL_CAN_Start     stm32f4xx_hal_can.o
    0x080021b0   0x00000002   Code   RO         3941    i.HAL_CAN_TxMailbox0AbortCallback  stm32f4xx_hal_can.o
    0x080021b2   0x00000002   Code   RO         3942    i.HAL_CAN_TxMailbox0CompleteCallback  stm32f4xx_hal_can.o
    0x080021b4   0x00000002   Code   RO         3943    i.HAL_CAN_TxMailbox1AbortCallback  stm32f4xx_hal_can.o
    0x080021b6   0x00000002   Code   RO         3944    i.HAL_CAN_TxMailbox1CompleteCallback  stm32f4xx_hal_can.o
    0x080021b8   0x00000002   Code   RO         3945    i.HAL_CAN_TxMailbox2AbortCallback  stm32f4xx_hal_can.o
    0x080021ba   0x00000002   Code   RO         3946    i.HAL_CAN_TxMailbox2CompleteCallback  stm32f4xx_hal_can.o
    0x080021bc   0x00000002   Code   RO         3948    i.HAL_CAN_WakeUpFromRxMsgCallback  stm32f4xx_hal_can.o
    0x080021be   0x00000024   Code   RO         3214    i.HAL_DMA_Abort_IT  stm32f4xx_hal_dma.o
    0x080021e2   0x00000002   PAD
    0x080021e4   0x000001a0   Code   RO         3218    i.HAL_DMA_IRQHandler  stm32f4xx_hal_dma.o
    0x08002384   0x000000d4   Code   RO         3219    i.HAL_DMA_Init      stm32f4xx_hal_dma.o
    0x08002458   0x00000046   Code   RO         3222    i.HAL_DMA_Start     stm32f4xx_hal_dma.o
    0x0800249e   0x0000006e   Code   RO         3223    i.HAL_DMA_Start_IT  stm32f4xx_hal_dma.o
    0x0800250c   0x00000024   Code   RO         3650    i.HAL_Delay         stm32f4xx_hal.o
    0x08002530   0x000001d4   Code   RO         3106    i.HAL_GPIO_Init     stm32f4xx_hal_gpio.o
    0x08002704   0x0000000e   Code   RO         3109    i.HAL_GPIO_TogglePin  stm32f4xx_hal_gpio.o
    0x08002712   0x0000000a   Code   RO         3110    i.HAL_GPIO_WritePin  stm32f4xx_hal_gpio.o
    0x0800271c   0x0000000c   Code   RO         3658    i.HAL_GetTick       stm32f4xx_hal.o
    0x08002728   0x00000010   Code   RO         3664    i.HAL_IncTick       stm32f4xx_hal.o
    0x08002738   0x00000034   Code   RO         3665    i.HAL_Init          stm32f4xx_hal.o
    0x0800276c   0x00000040   Code   RO         3666    i.HAL_InitTick      stm32f4xx_hal.o
    0x080027ac   0x00000038   Code   RO          892    i.HAL_MspInit       stm32f4xx_hal_msp.o
    0x080027e4   0x0000001a   Code   RO         3513    i.HAL_NVIC_EnableIRQ  stm32f4xx_hal_cortex.o
    0x080027fe   0x00000002   PAD
    0x08002800   0x00000040   Code   RO         3519    i.HAL_NVIC_SetPriority  stm32f4xx_hal_cortex.o
    0x08002840   0x00000024   Code   RO         3520    i.HAL_NVIC_SetPriorityGrouping  stm32f4xx_hal_cortex.o
    0x08002864   0x00000134   Code   RO         2700    i.HAL_RCC_ClockConfig  stm32f4xx_hal_rcc.o
    0x08002998   0x00000020   Code   RO         2707    i.HAL_RCC_GetPCLK1Freq  stm32f4xx_hal_rcc.o
    0x080029b8   0x00000020   Code   RO         2708    i.HAL_RCC_GetPCLK2Freq  stm32f4xx_hal_rcc.o
    0x080029d8   0x00000064   Code   RO         2709    i.HAL_RCC_GetSysClockFreq  stm32f4xx_hal_rcc.o
    0x08002a3c   0x0000035c   Code   RO         2712    i.HAL_RCC_OscConfig  stm32f4xx_hal_rcc.o
    0x08002d98   0x00000080   Code   RO         4158    i.HAL_SPI_Init      stm32f4xx_hal_spi.o
    0x08002e18   0x000000fc   Code   RO          535    i.HAL_SPI_MspInit   spi.o
    0x08002f14   0x000001e2   Code   RO         4167    i.HAL_SPI_TransmitReceive  stm32f4xx_hal_spi.o
    0x080030f6   0x00000028   Code   RO         3524    i.HAL_SYSTICK_Config  stm32f4xx_hal_cortex.o
    0x0800311e   0x00000002   Code   RO         5146    i.HAL_TIMEx_BreakCallback  stm32f4xx_hal_tim_ex.o
    0x08003120   0x00000002   Code   RO         5147    i.HAL_TIMEx_CommutCallback  stm32f4xx_hal_tim_ex.o
    0x08003122   0x00000054   Code   RO         5149    i.HAL_TIMEx_ConfigBreakDeadTime  stm32f4xx_hal_tim_ex.o
    0x08003176   0x00000002   PAD
    0x08003178   0x00000090   Code   RO         5164    i.HAL_TIMEx_MasterConfigSynchronization  stm32f4xx_hal_tim_ex.o
    0x08003208   0x00000036   Code   RO         4471    i.HAL_TIM_Base_Init  stm32f4xx_hal_tim.o
    0x0800323e   0x00000002   PAD
    0x08003240   0x000000b4   Code   RO          577    i.HAL_TIM_Base_MspInit  tim.o
    0x080032f4   0x00000022   Code   RO         4476    i.HAL_TIM_Base_Start_IT  stm32f4xx_hal_tim.o
    0x08003316   0x0000002a   Code   RO         4479    i.HAL_TIM_Base_Stop_IT  stm32f4xx_hal_tim.o
    0x08003340   0x000000d6   Code   RO         4480    i.HAL_TIM_ConfigClockSource  stm32f4xx_hal_tim.o
    0x08003416   0x00000002   Code   RO         4500    i.HAL_TIM_IC_CaptureCallback  stm32f4xx_hal_tim.o
    0x08003418   0x00000166   Code   RO         4514    i.HAL_TIM_IRQHandler  stm32f4xx_hal_tim.o
    0x0800357e   0x00000002   PAD
    0x08003580   0x00000138   Code   RO          578    i.HAL_TIM_MspPostInit  tim.o
    0x080036b8   0x00000002   Code   RO         4517    i.HAL_TIM_OC_DelayElapsedCallback  stm32f4xx_hal_tim.o
    0x080036ba   0x000000d0   Code   RO         4538    i.HAL_TIM_PWM_ConfigChannel  stm32f4xx_hal_tim.o
    0x0800378a   0x00000036   Code   RO         4541    i.HAL_TIM_PWM_Init  stm32f4xx_hal_tim.o
    0x080037c0   0x00000058   Code   RO          580    i.HAL_TIM_PWM_MspInit  tim.o
    0x08003818   0x00000002   Code   RO         4544    i.HAL_TIM_PWM_PulseFinishedCallback  stm32f4xx_hal_tim.o
    0x0800381a   0x00000002   PAD
    0x0800381c   0x00000044   Code   RO         4546    i.HAL_TIM_PWM_Start  stm32f4xx_hal_tim.o
    0x08003860   0x0000005c   Code   RO         4549    i.HAL_TIM_PWM_Stop  stm32f4xx_hal_tim.o
    0x080038bc   0x00000028   Code   RO          990    i.HAL_TIM_PeriodElapsedCallback  bsp_tim.o
    0x080038e4   0x00000002   Code   RO         4557    i.HAL_TIM_TriggerCallback  stm32f4xx_hal_tim.o
    0x080038e6   0x0000004c   Code   RO         1020    i.HAL_UART_ErrorCallback  bsp_usart.o
    0x08003932   0x0000000a   Code   RO         5420    i.HAL_UART_GetState  stm32f4xx_hal_uart.o
    0x0800393c   0x00000114   Code   RO         5421    i.HAL_UART_IRQHandler  stm32f4xx_hal_uart.o
    0x08003a50   0x00000062   Code   RO         5422    i.HAL_UART_Init     stm32f4xx_hal_uart.o
    0x08003ab2   0x00000002   PAD
    0x08003ab4   0x00000340   Code   RO          673    i.HAL_UART_MspInit  usart.o
    0x08003df4   0x00000098   Code   RO         5426    i.HAL_UART_Receive_DMA  stm32f4xx_hal_uart.o
    0x08003e8c   0x00000052   Code   RO         5427    i.HAL_UART_Receive_IT  stm32f4xx_hal_uart.o
    0x08003ede   0x00000002   PAD
    0x08003ee0   0x0000002c   Code   RO         1021    i.HAL_UART_RxCpltCallback  bsp_usart.o
    0x08003f0c   0x00000002   Code   RO         5429    i.HAL_UART_RxHalfCpltCallback  stm32f4xx_hal_uart.o
    0x08003f0e   0x000000ba   Code   RO         5430    i.HAL_UART_Transmit  stm32f4xx_hal_uart.o
    0x08003fc8   0x00000080   Code   RO         5431    i.HAL_UART_Transmit_DMA  stm32f4xx_hal_uart.o
    0x08004048   0x00000002   Code   RO         5433    i.HAL_UART_TxCpltCallback  stm32f4xx_hal_uart.o
    0x0800404a   0x00000002   Code   RO         5434    i.HAL_UART_TxHalfCpltCallback  stm32f4xx_hal_uart.o
    0x0800404c   0x00000002   Code   RO          749    i.HardFault_Handler  stm32f4xx_it.o
    0x0800404e   0x00000002   PAD
    0x08004050   0x00000034   Code   RO         1367    i.IMU_Get           bmi088driver.o
    0x08004084   0x00000024   Code   RO         2257    i.InitJudgeUart     judgetask.o
    0x080040a8   0x00000010   Code   RO         1268    i.LASER_On          bsp_pwr.o
    0x080040b8   0x00000010   Code   RO         1230    i.LED_R_Toggle      bsp_led.o
    0x080040c8   0x00000064   Code   RO          357    i.MX_ADC1_Init      adc.o
    0x0800412c   0x00000048   Code   RO          399    i.MX_CAN1_Init      can.o
    0x08004174   0x00000044   Code   RO          400    i.MX_CAN2_Init      can.o
    0x080041b8   0x0000009c   Code   RO          446    i.MX_DMA_Init       dma.o
    0x08004254   0x00000054   Code   RO          470    i.MX_FREERTOS_Init  freertos.o
    0x080042a8   0x0000018c   Code   RO          328    i.MX_GPIO_Init      gpio.o
    0x08004434   0x00000048   Code   RO          536    i.MX_SPI1_Init      spi.o
    0x0800447c   0x00000064   Code   RO          581    i.MX_TIM10_Init     tim.o
    0x080044e0   0x00000034   Code   RO          582    i.MX_TIM11_Init     tim.o
    0x08004514   0x0000005c   Code   RO          583    i.MX_TIM12_Init     tim.o
    0x08004570   0x000000d4   Code   RO          584    i.MX_TIM1_Init      tim.o
    0x08004644   0x0000009c   Code   RO          585    i.MX_TIM4_Init      tim.o
    0x080046e0   0x000000ac   Code   RO          586    i.MX_TIM5_Init      tim.o
    0x0800478c   0x00000048   Code   RO          587    i.MX_TIM6_Init      tim.o
    0x080047d4   0x00000038   Code   RO          674    i.MX_UART7_Init     usart.o
    0x0800480c   0x00000038   Code   RO          675    i.MX_USART1_UART_Init  usart.o
    0x08004844   0x00000038   Code   RO          676    i.MX_USART2_UART_Init  usart.o
    0x0800487c   0x00000040   Code   RO          677    i.MX_USART3_UART_Init  usart.o
    0x080048bc   0x00000038   Code   RO          678    i.MX_USART6_UART_Init  usart.o
    0x080048f4   0x00000002   Code   RO          750    i.MemManage_Handler  stm32f4xx_it.o
    0x080048f6   0x00000002   Code   RO          751    i.NMI_Handler       stm32f4xx_it.o
    0x080048f8   0x000001dc   Code   RO         1711    i.PID_Calculate     pid.o
    0x08004ad4   0x00000018   Code   RO         1712    i.PID_Init          pid.o
    0x08004aec   0x00000006   Code   RO         1713    i.PID_Reset         pid.o
    0x08004af2   0x00000002   Code   RO         1162    i.PWM_init          bsp_pwm.o
    0x08004af4   0x00000034   Code   RO         1270    i.PWR24V_On         bsp_pwr.o
    0x08004b28   0x00000044   Code   RO         1829    i.Pluck_angle       gimbal.o
    0x08004b6c   0x00000158   Code   RO         1905    i.RC_Singleshot     rc_control.o
    0x08004cc4   0x000000fc   Code   RO         1907    i.RC_Vision_aiming  rc_control.o
    0x08004dc0   0x0000001c   Code   RO         2260    i.Referee_Update_BuffMask  judgetask.o
    0x08004ddc   0x00000070   Code   RO         2261    i.Referee_Update_PowerHeatData  judgetask.o
    0x08004e4c   0x00000110   Code   RO         2262    i.Referee_Update_RobotState  judgetask.o
    0x08004f5c   0x00000038   Code   RO         2263    i.Referee_Update_ShootData  judgetask.o
    0x08004f94   0x0000001c   Code   RO         2264    i.Referee_Update_hurt  judgetask.o
    0x08004fb0   0x00000058   Code   RO         4196    i.SPI_EndRxTxTransaction  stm32f4xx_hal_spi.o
    0x08005008   0x00000094   Code   RO         4201    i.SPI_WaitFlagStateUntilTimeout  stm32f4xx_hal_spi.o
    0x0800509c   0x0000005c   Code   RO          471    i.StartControl      freertos.o
    0x080050f8   0x00000006   Code   RO          472    i.StartDebug        freertos.o
    0x080050fe   0x00000002   PAD
    0x08005100   0x00000034   Code   RO          473    i.StartDefaultTask  freertos.o
    0x08005134   0x00000018   Code   RO          752    i.SysTick_Handler   stm32f4xx_it.o
    0x0800514c   0x00000088   Code   RO           15    i.SystemClock_Config  main.o
    0x080051d4   0x00000054   Code   RO          917    i.SystemInit        system_stm32f4xx.o
    0x08005228   0x0000001c   Code   RO          753    i.TIM1_TRG_COM_TIM11_IRQHandler  stm32f4xx_it.o
    0x08005244   0x00000034   Code   RO         2054    i.TIM4_IRQHandler   usmart.o
    0x08005278   0x0000000c   Code   RO          754    i.TIM6_DAC_IRQHandler  stm32f4xx_it.o
    0x08005284   0x000000c8   Code   RO         4559    i.TIM_Base_SetConfig  stm32f4xx_hal_tim.o
    0x0800534c   0x0000001a   Code   RO         4560    i.TIM_CCxChannelCmd  stm32f4xx_hal_tim.o
    0x08005366   0x00000014   Code   RO         4570    i.TIM_ETR_SetConfig  stm32f4xx_hal_tim.o
    0x0800537a   0x00000010   Code   RO         4571    i.TIM_ITRx_SetConfig  stm32f4xx_hal_tim.o
    0x0800538a   0x00000002   PAD
    0x0800538c   0x00000060   Code   RO         4572    i.TIM_OC1_SetConfig  stm32f4xx_hal_tim.o
    0x080053ec   0x0000006c   Code   RO         4573    i.TIM_OC2_SetConfig  stm32f4xx_hal_tim.o
    0x08005458   0x00000068   Code   RO         4574    i.TIM_OC3_SetConfig  stm32f4xx_hal_tim.o
    0x080054c0   0x00000050   Code   RO         4575    i.TIM_OC4_SetConfig  stm32f4xx_hal_tim.o
    0x08005510   0x00000022   Code   RO         4577    i.TIM_TI1_ConfigInputStage  stm32f4xx_hal_tim.o
    0x08005532   0x00000024   Code   RO         4579    i.TIM_TI2_ConfigInputStage  stm32f4xx_hal_tim.o
    0x08005556   0x00000002   PAD
    0x08005558   0x00000054   Code   RO         2055    i.Timer4_Init       usmart.o
    0x080055ac   0x00000010   Code   RO         5435    i.UART_DMAAbortOnError  stm32f4xx_hal_uart.o
    0x080055bc   0x0000004a   Code   RO         5436    i.UART_DMAError     stm32f4xx_hal_uart.o
    0x08005606   0x0000003c   Code   RO         5437    i.UART_DMAReceiveCplt  stm32f4xx_hal_uart.o
    0x08005642   0x0000000a   Code   RO         5439    i.UART_DMARxHalfCplt  stm32f4xx_hal_uart.o
    0x0800564c   0x0000002e   Code   RO         5441    i.UART_DMATransmitCplt  stm32f4xx_hal_uart.o
    0x0800567a   0x0000000a   Code   RO         5443    i.UART_DMATxHalfCplt  stm32f4xx_hal_uart.o
    0x08005684   0x0000001c   Code   RO         5445    i.UART_EndRxTransfer  stm32f4xx_hal_uart.o
    0x080056a0   0x00000012   Code   RO         5446    i.UART_EndTxTransfer  stm32f4xx_hal_uart.o
    0x080056b2   0x00000096   Code   RO         5447    i.UART_Receive_IT   stm32f4xx_hal_uart.o
    0x08005748   0x00000128   Code   RO         5448    i.UART_SetConfig    stm32f4xx_hal_uart.o
    0x08005870   0x00000062   Code   RO         5449    i.UART_Transmit_IT  stm32f4xx_hal_uart.o
    0x080058d2   0x00000064   Code   RO         5450    i.UART_WaitOnFlagUntilTimeout  stm32f4xx_hal_uart.o
    0x08005936   0x00000002   PAD
    0x08005938   0x0000000c   Code   RO          755    i.USART1_IRQHandler  stm32f4xx_it.o
    0x08005944   0x0000000c   Code   RO          756    i.USART2_IRQHandler  stm32f4xx_it.o
    0x08005950   0x00000018   Code   RO          757    i.USART3_IRQHandler  stm32f4xx_it.o
    0x08005968   0x0000002c   Code   RO          758    i.USART6_IRQHandler  stm32f4xx_it.o
    0x08005994   0x00000002   Code   RO          759    i.UsageFault_Handler  stm32f4xx_it.o
    0x08005996   0x00000002   PAD
    0x08005998   0x00000160   Code   RO         1830    i.VisionUartRxCpltCallback_2  gimbal.o
    0x08005af8   0x000000ec   Code   RO         1831    i.Vision_aiming     gimbal.o
    0x08005be4   0x00000020   Code   RO         7367    i.__0printf         mc_w.l(printfa.o)
    0x08005c04   0x00000030   Code   RO         7456    i.__ARM_fpclassify  m_wm.l(fpclassify.o)
    0x08005c34   0x00000020   Code   RO         3526    i.__NVIC_SetPriority  stm32f4xx_hal_cortex.o
    0x08005c54   0x00000004   PAD
    0x08005c58   0x00000358   Code   RO         6999    i.__hardfp_acos     m_wm.l(acos.o)
    0x08005fb0   0x00000360   Code   RO         7013    i.__hardfp_asin     m_wm.l(asin.o)
    0x08006310   0x000002d8   Code   RO         7027    i.__hardfp_atan     m_wm.l(atan.o)
    0x080065e8   0x000001f0   Code   RO         7041    i.__hardfp_atan2    m_wm.l(atan2.o)
    0x080067d8   0x000000c8   Code   RO         7053    i.__hardfp_cos      m_wm.l(cos.o)
    0x080068a0   0x00000c38   Code   RO         7083    i.__hardfp_pow      m_wm.l(pow.o)
    0x080074d8   0x000000c8   Code   RO         7097    i.__hardfp_sin      m_wm.l(sin.o)
    0x080075a0   0x0000007a   Code   RO         7109    i.__hardfp_sqrt     m_wm.l(sqrt.o)
    0x0800761a   0x00000006   PAD
    0x08007620   0x00000438   Code   RO         7461    i.__ieee754_rem_pio2  m_wm.l(rred.o)
    0x08007a58   0x00000170   Code   RO         7439    i.__kernel_cos      m_wm.l(cos_i.o)
    0x08007bc8   0x000000f8   Code   RO         7458    i.__kernel_poly     m_wm.l(poly.o)
    0x08007cc0   0x00000130   Code   RO         7466    i.__kernel_sin      m_wm.l(sin_i.o)
    0x08007df0   0x00000030   Code   RO         7442    i.__mathlib_dbl_divzero  m_wm.l(dunder.o)
    0x08007e20   0x00000014   Code   RO         7443    i.__mathlib_dbl_infnan  m_wm.l(dunder.o)
    0x08007e34   0x00000014   Code   RO         7444    i.__mathlib_dbl_infnan2  m_wm.l(dunder.o)
    0x08007e48   0x00000020   Code   RO         7445    i.__mathlib_dbl_invalid  m_wm.l(dunder.o)
    0x08007e68   0x00000020   Code   RO         7446    i.__mathlib_dbl_overflow  m_wm.l(dunder.o)
    0x08007e88   0x00000020   Code   RO         7448    i.__mathlib_dbl_underflow  m_wm.l(dunder.o)
    0x08007ea8   0x0000000e   Code   RO         7527    i.__scatterload_copy  mc_w.l(handlers.o)
    0x08007eb6   0x00000002   Code   RO         7528    i.__scatterload_null  mc_w.l(handlers.o)
    0x08007eb8   0x0000000e   Code   RO         7529    i.__scatterload_zeroinit  mc_w.l(handlers.o)
    0x08007ec6   0x00000002   PAD
    0x08007ec8   0x0000000c   Code   RO         7499    i.__set_errno       mc_w.l(errno.o)
    0x08007ed4   0x00000164   Code   RO         7374    i._fp_digits        mc_w.l(printfa.o)
    0x08008038   0x000006dc   Code   RO         7375    i._printf_core      mc_w.l(printfa.o)
    0x08008714   0x00000024   Code   RO         7376    i._printf_post_padding  mc_w.l(printfa.o)
    0x08008738   0x0000002e   Code   RO         7377    i._printf_pre_padding  mc_w.l(printfa.o)
    0x08008766   0x0000002a   Code   RO         1714    i.abs_limit         pid.o
    0x08008790   0x00000010   Code   RO         7029    i.atan              m_wm.l(atan.o)
    0x080087a0   0x00000110   Code   RO         1368    i.bmi088_accel_init  bmi088driver.o
    0x080088b0   0x000000dc   Code   RO         1369    i.bmi088_gyro_init  bmi088driver.o
    0x0800898c   0x00000048   Code   RO         1312    i.dbus_uart_init    bsp_rc.o
    0x080089d4   0x00000018   Code   RO         7067    i.fabs              m_wm.l(fabs.o)
    0x080089ec   0x00000018   Code   RO         1024    i.fputc             bsp_usart.o
    0x08008a04   0x0000009c   Code   RO         1084    i.get_total_angle_2006  bsp_can.o
    0x08008aa0   0x00000076   Code   RO         1085    i.get_total_angle_6020  bsp_can.o
    0x08008b16   0x00000002   PAD
    0x08008b18   0x00000416   Code   RO         1370    i.imu_ahrs_update   bmi088driver.o
    0x08008f2e   0x00000002   PAD
    0x08008f30   0x00000174   Code   RO         1371    i.imu_attitude_update  bmi088driver.o
    0x080090a4   0x0000002c   Code   RO         1373    i.inv_sqrt          bmi088driver.o
    0x080090d0   0x00000108   Code   RO         2267    i.judgeUartRxCpltCallback  judgetask.o
    0x080091d8   0x0000001e   Code   RO         1782    i.limit             chassis.o
    0x080091f6   0x0000005e   Code   RO           16    i.main              main.o
    0x08009254   0x0000000c   Code   RO         6494    i.makeFreeRtosPriority  cmsis_os.o
    0x08009260   0x00000028   Code   RO         1783    i.map               chassis.o
    0x08009288   0x00000070   Code   RO         1374    i.mpu_get_data      bmi088driver.o
    0x080092f8   0x000000d0   Code   RO         1375    i.mpu_offset_call   bmi088driver.o
    0x080093c8   0x0000002c   Code   RO         2268    i.myGet_CRC16_Check_Sum  judgetask.o
    0x080093f4   0x0000001c   Code   RO         2269    i.myGet_CRC8_Check_Sum  judgetask.o
    0x08009410   0x00000034   Code   RO         2270    i.myVerify_CRC16_Check_Sum  judgetask.o
    0x08009444   0x00000026   Code   RO         2271    i.myVerify_CRC8_Check_Sum  judgetask.o
    0x0800946a   0x0000000e   Code   RO         6496    i.osDelay           cmsis_os.o
    0x08009478   0x0000000a   Code   RO         6499    i.osKernelStart     cmsis_os.o
    0x08009482   0x00000054   Code   RO         6533    i.osThreadCreate    cmsis_os.o
    0x080094d6   0x00000002   PAD
    0x080094d8   0x00000070   Code   RO         6188    i.prvAddCurrentTaskToDelayedList  tasks.o
    0x08009548   0x000000d0   Code   RO         6189    i.prvAddNewTaskToReadyList  tasks.o
    0x08009618   0x00000034   Code   RO         6190    i.prvDeleteTCB      tasks.o
    0x0800964c   0x0000004c   Code   RO         6861    i.prvHeapInit       heap_4.o
    0x08009698   0x00000060   Code   RO         6191    i.prvIdleTask       tasks.o
    0x080096f8   0x00000098   Code   RO         6192    i.prvInitialiseNewTask  tasks.o
    0x08009790   0x0000004c   Code   RO         6862    i.prvInsertBlockIntoFreeList  heap_4.o
    0x080097dc   0x00000020   Code   RO         6193    i.prvResetNextTaskUnblockTime  tasks.o
    0x080097fc   0x00000028   Code   RO         6923    i.prvTaskExitError  port.o
    0x08009824   0x000000d8   Code   RO         6863    i.pvPortMalloc      heap_4.o
    0x080098fc   0x0000002c   Code   RO         6924    i.pxPortInitialiseStack  port.o
    0x08009928   0x000000ec   Code   RO         1314    i.rc_callback_handler  bsp_rc.o
    0x08009a14   0x00000004   Code   RO         2056    i.read_addr         usmart.o
    0x08009a18   0x0000006e   Code   RO         7111    i.sqrt              m_wm.l(sqrt.o)
    0x08009a86   0x00000002   PAD
    0x08009a88   0x00000068   Code   RO         1315    i.uart_receive_handler  bsp_rc.o
    0x08009af0   0x00000094   Code   RO         2057    i.usmart_cmd_rec    usmart.o
    0x08009b84   0x00000264   Code   RO         2058    i.usmart_exe        usmart.o
    0x08009de8   0x000000a6   Code   RO         2176    i.usmart_get_aparm  usmart_str.o
    0x08009e8e   0x0000002e   Code   RO         2177    i.usmart_get_cmdname  usmart_str.o
    0x08009ebc   0x00000170   Code   RO         2178    i.usmart_get_fname  usmart_str.o
    0x0800a02c   0x000000d4   Code   RO         2179    i.usmart_get_fparam  usmart_str.o
    0x0800a100   0x00000024   Code   RO         2180    i.usmart_get_parmpos  usmart_str.o
    0x0800a124   0x00000030   Code   RO         2059    i.usmart_get_runtime  usmart.o
    0x0800a154   0x00000028   Code   RO         2060    i.usmart_init       usmart.o
    0x0800a17c   0x00000010   Code   RO         2181    i.usmart_pow        usmart_str.o
    0x0800a18c   0x00000028   Code   RO         2061    i.usmart_reset_runtime  usmart.o
    0x0800a1b4   0x000000a4   Code   RO         2062    i.usmart_scan       usmart.o
    0x0800a258   0x00000010   Code   RO         2182    i.usmart_search_nextc  usmart_str.o
    0x0800a268   0x000000d6   Code   RO         2183    i.usmart_str2num    usmart_str.o
    0x0800a33e   0x00000018   Code   RO         2184    i.usmart_strcmp     usmart_str.o
    0x0800a356   0x00000012   Code   RO         2185    i.usmart_strcopy    usmart_str.o
    0x0800a368   0x00000012   Code   RO         2186    i.usmart_strlen     usmart_str.o
    0x0800a37a   0x00000002   PAD
    0x0800a37c   0x00000680   Code   RO         2063    i.usmart_sys_cmd_exe  usmart.o
    0x0800a9fc   0x00000026   Code   RO         5824    i.uxListRemove      list.o
    0x0800aa22   0x00000002   PAD
    0x0800aa24   0x00000014   Code   RO          474    i.vApplicationGetIdleTaskMemory  freertos.o
    0x0800aa38   0x00000016   Code   RO         5825    i.vListInitialise   list.o
    0x0800aa4e   0x00000006   Code   RO         5826    i.vListInitialiseItem  list.o
    0x0800aa54   0x00000030   Code   RO         5827    i.vListInsert       list.o
    0x0800aa84   0x00000018   Code   RO         5828    i.vListInsertEnd    list.o
    0x0800aa9c   0x00000040   Code   RO         6926    i.vPortEnterCritical  port.o
    0x0800aadc   0x00000028   Code   RO         6927    i.vPortExitCritical  port.o
    0x0800ab04   0x0000005c   Code   RO         6864    i.vPortFree         heap_4.o
    0x0800ab60   0x00000024   Code   RO         6928    i.vPortSetupTimerInterrupt  port.o
    0x0800ab84   0x0000004c   Code   RO         6201    i.vTaskDelay        tasks.o
    0x0800abd0   0x0000006c   Code   RO         6214    i.vTaskStartScheduler  tasks.o
    0x0800ac3c   0x00000010   Code   RO         6216    i.vTaskSuspendAll   tasks.o
    0x0800ac4c   0x0000005c   Code   RO         6217    i.vTaskSwitchContext  tasks.o
    0x0800aca8   0x00000134   Code   RO         1784    i.velocity          chassis.o
    0x0800addc   0x00000004   Code   RO         2064    i.write_addr        usmart.o
    0x0800ade0   0x000000f4   Code   RO         6930    i.xPortStartScheduler  port.o
    0x0800aed4   0x0000002c   Code   RO         6931    i.xPortSysTickHandler  port.o
    0x0800af00   0x0000005a   Code   RO         6219    i.xTaskCreate       tasks.o
    0x0800af5a   0x00000056   Code   RO         6220    i.xTaskCreateStatic  tasks.o
    0x0800afb0   0x0000001c   Code   RO         6224    i.xTaskGetSchedulerState  tasks.o
    0x0800afcc   0x000000c8   Code   RO         6227    i.xTaskIncrementTick  tasks.o
    0x0800b094   0x000000c4   Code   RO         6233    i.xTaskResumeAll    tasks.o
    0x0800b158   0x00000054   Data   RO          476    .constdata          freertos.o
    0x0800b1ac   0x00000010   Data   RO          918    .constdata          system_stm32f4xx.o
    0x0800b1bc   0x00000008   Data   RO          919    .constdata          system_stm32f4xx.o
    0x0800b1c4   0x00000300   Data   RO         2274    .constdata          judgetask.o
    0x0800b4c4   0x00000008   Data   RO         3225    .constdata          stm32f4xx_hal_dma.o
    0x0800b4cc   0x00000004   PAD
    0x0800b4d0   0x00000050   Data   RO         7002    .constdata          m_wm.l(acos.o)
    0x0800b520   0x00000050   Data   RO         7016    .constdata          m_wm.l(asin.o)
    0x0800b570   0x00000098   Data   RO         7030    .constdata          m_wm.l(atan.o)
    0x0800b608   0x00000088   Data   RO         7086    .constdata          m_wm.l(pow.o)
    0x0800b690   0x00000030   Data   RO         7440    .constdata          m_wm.l(cos_i.o)
    0x0800b6c0   0x00000008   Data   RO         7460    .constdata          m_wm.l(qnan.o)
    0x0800b6c8   0x000000c8   Data   RO         7463    .constdata          m_wm.l(rred.o)
    0x0800b790   0x00000028   Data   RO         7467    .constdata          m_wm.l(sin_i.o)
    0x0800b7b8   0x0000001c   Data   RO          477    .conststring        freertos.o
    0x0800b7d4   0x00000028   Data   RO         2066    .conststring        usmart.o
    0x0800b7fc   0x0000008e   Data   RO         2150    .conststring        usmart_config.o
    0x0800b88a   0x00000002   PAD
    0x0800b88c   0x00000020   Data   RO         7525    Region$$Table       anon$$obj.o


    Execution Region RW_IRAM1 (Base: 0x20000000, Size: 0x000056b8, Max: 0x00030000, ABSOLUTE, COMPRESSED[0x000000a0])

    Base Addr    Size         Type   Attr      Idx    E Section Name        Object

    0x20000000   0x00000004   Data   RW          402    .data               can.o
    0x20000004   0x0000000c   Data   RW          479    .data               freertos.o
    0x20000010   0x00000004   Data   RW          920    .data               system_stm32f4xx.o
    0x20000014   0x00000002   Data   RW          991    .data               bsp_tim.o
    0x20000016   0x00000002   Data   RW         1026    .data               bsp_usart.o
    0x20000018   0x00000001   Data   RW         1027    .data               bsp_usart.o
    0x20000019   0x00000001   PAD
    0x2000001a   0x00000004   Data   RW         1087    .data               bsp_can.o
    0x2000001e   0x00000002   PAD
    0x20000020   0x00000078   Data   RW         1377    .data               bmi088driver.o
    0x20000098   0x0000000c   Data   RW         1835    .data               gimbal.o
    0x200000a4   0x00000001   Data   RW         1908    .data               rc_control.o
    0x200000a5   0x00000003   PAD
    0x200000a8   0x00000008   Data   RW         1909    .data               rc_control.o
    0x200000b0   0x0000001c   Data   RW         2067    .data               usmart.o
    0x200000cc   0x00000020   Data   RW         2151    .data               usmart_config.o
    0x200000ec   0x000000f4   Data   RW         2152    .data               usmart_config.o
    0x200001e0   0x00000032   Data   RW         2276    .data               judgetask.o
    0x20000212   0x00000002   PAD
    0x20000214   0x0000000c   Data   RW         3672    .data               stm32f4xx_hal.o
    0x20000220   0x0000003c   Data   RW         6236    .data               tasks.o
    0x2000025c   0x00000018   Data   RW         6869    .data               heap_4.o
    0x20000274   0x0000000c   Data   RW         6932    .data               port.o
    0x20000280   0x00000004   Data   RW         7486    .data               mc_w.l(stdout.o)
    0x20000284   0x00000004   Data   RW         7500    .data               mc_w.l(errno.o)
    0x20000288   0x00000048   Zero   RW          358    .bss                adc.o
    0x200002d0   0x00000050   Zero   RW          401    .bss                can.o
    0x20000320   0x00000254   Zero   RW          475    .bss                freertos.o
    0x20000574   0x00000118   Zero   RW          537    .bss                spi.o
    0x2000068c   0x000001c0   Zero   RW          588    .bss                tim.o
    0x2000084c   0x00000320   Zero   RW          679    .bss                usart.o
    0x20000b6c   0x000000c8   Zero   RW         1025    .bss                bsp_usart.o
    0x20000c34   0x000000d8   Zero   RW         1086    .bss                bsp_can.o
    0x20000d0c   0x0000002e   Zero   RW         1316    .bss                bsp_rc.o
    0x20000d3a   0x00000002   PAD
    0x20000d3c   0x00000098   Zero   RW         1376    .bss                bmi088driver.o
    0x20000dd4   0x000000d0   Zero   RW         1715    .bss                pid.o
    0x20000ea4   0x000000d0   Zero   RW         1716    .bss                pid.o
    0x20000f74   0x000000d0   Zero   RW         1717    .bss                pid.o
    0x20001044   0x000000d0   Zero   RW         1718    .bss                pid.o
    0x20001114   0x00000270   Zero   RW         1719    .bss                pid.o
    0x20001384   0x00000068   Zero   RW         1720    .bss                pid.o
    0x200013ec   0x00000068   Zero   RW         1721    .bss                pid.o
    0x20001454   0x00000064   Zero   RW         1785    .bss                chassis.o
    0x200014b8   0x0000002c   Zero   RW         1832    .bss                gimbal.o
    0x200014e4   0x00000016   Zero   RW         1834    .bss                gimbal.o
    0x200014fa   0x00000002   PAD
    0x200014fc   0x00000040   Zero   RW         2065    .bss                usmart.o
    0x2000153c   0x00000087   Zero   RW         2272    .bss                judgetask.o
    0x200015c3   0x00000001   PAD
    0x200015c4   0x000000f0   Zero   RW         6235    .bss                tasks.o
    0x200016b4   0x00003c00   Zero   RW         6868    .bss                heap_4.o
    0x200052b4   0x00000004   PAD
    0x200052b8   0x00000400   Zero   RW            1    STACK               startup_stm32f427xx.o


==============================================================================

Image component sizes


      Code (inc. data)   RO Data    RW Data    ZI Data      Debug   Object Name

       196         24          0          0         72       1609   adc.o
        56         26          0          0          0        986   bluetooth.o
      3054        114          0        120        152      13994   bmi088driver.o
       170         28          0          0          0       4608   bmi088middleware.o
        48         10          0          0          0        934   bsp_beep.o
      1324         76          0          4        216       7302   bsp_can.o
        16          6          0          0          0        443   bsp_led.o
         2          0          0          0          0        435   bsp_pwm.o
        68         10          0          0          0        931   bsp_pwr.o
       412         20          0          0         46       3387   bsp_rc.o
        40          8          0          2          0        992   bsp_tim.o
       144         14          0          3        200       2605   bsp_usart.o
       392         44          0          4         80       2390   can.o
       546         54          0          0        100       3125   chassis.o
       120          0          0          0          0      22933   cmsis_os.o
       156          4          0          0          0        830   dma.o
         0          0          0          0          0      15740   event_groups.o
       254         46        112         12        596       3935   freertos.o
       656         84          0         12         66       3451   gimbal.o
       396         34          0          0          0       1159   gpio.o
       460         24          0         24      15360       7067   heap_4.o
       958         90        768         50        135      14071   judgetask.o
       138          0          0          0          0       3346   list.o
       832        124          0          0          0     806761   main.o
       548         16          0          0       1664       4022   pid.o
       702         72          0         12          0      11008   port.o
       596         56          0          9          0       1922   rc_control.o
       324         34          0          0        280       1811   spi.o
        36          8        428          0       1024        832   startup_stm32f427xx.o
       180         28          0         12          0       9457   stm32f4xx_hal.o
       736         34          0          0          0       2679   stm32f4xx_hal_adc.o
      1682          6          0          0          0      13941   stm32f4xx_hal_can.o
       198         14          0          0          0      33575   stm32f4xx_hal_cortex.o
      1008         16          8          0          0       6506   stm32f4xx_hal_dma.o
       492         54          0          0          0       2753   stm32f4xx_hal_gpio.o
        56          4          0          0          0        830   stm32f4xx_hal_msp.o
      1332         76          0          0          0       4988   stm32f4xx_hal_rcc.o
       846          8          0          0          0       3877   stm32f4xx_hal_spi.o
      1852         98          0          0          0      16106   stm32f4xx_hal_tim.o
       232         28          0          0          0       3149   stm32f4xx_hal_tim_ex.o
      1844         44          0          0          0      14953   stm32f4xx_hal_uart.o
       276         98          0          0          0      10323   stm32f4xx_it.o
         0          0          0          0          0        392   stream_buffer.o
        84         18         24          4          0       1143   system_stm32f4xx.o
      1544        116          0         60        240      19091   tasks.o
      1436        142          0          0        448       7166   tim.o
      1120        110          0          0        800       4835   usart.o
      2860       1354         40         28         64       7551   usmart.o
         0          0        142        276          0       1440   usmart_config.o
      1134         20          0          0          0       8023   usmart_str.o

    ----------------------------------------------------------------------
     31614       3294       1560        640      21552    1115407   Object Totals
         0          0         32          0          0          0   (incl. Generated)
        58          0          6          8          9          0   (incl. Padding)

    ----------------------------------------------------------------------

      Code (inc. data)   RO Data    RW Data    ZI Data      Debug   Library Member Name

       856        118         80          0          0        288   acos.o
       864         94         80          0          0        280   asin.o
       744        106        152          0          0        352   atan.o
       496         64          0          0          0        192   atan2.o
       200         20          0          0          0        164   cos.o
       368         46         48          0          0        200   cos_i.o
       184         44          0          0          0        744   dunder.o
        24          0          0          0          0        124   fabs.o
        48          0          0          0          0        124   fpclassify.o
       248          0          0          0          0        152   poly.o
      3128        302        136          0          0        356   pow.o
         0          0          8          0          0          0   qnan.o
      1080        142        200          0          0        188   rred.o
       200         20          0          0          0        164   sin.o
       304         24         40          0          0        208   sin_i.o
       232          0          0          0          0        296   sqrt.o
        86          0          0          0          0          0   __dczerorl2.o
         0          0          0          0          0          0   entry.o
         0          0          0          0          0          0   entry10a.o
         0          0          0          0          0          0   entry11a.o
         8          4          0          0          0          0   entry2.o
         4          0          0          0          0          0   entry5.o
         0          0          0          0          0          0   entry7b.o
         0          0          0          0          0          0   entry8b.o
         8          4          0          0          0          0   entry9a.o
        12          6          0          4          0         68   errno.o
        30          0          0          0          0          0   handlers.o
        36          8          0          0          0         68   init.o
         0          0          0          0          0          0   iusefp.o
        30          0          0          0          0         68   llshl.o
        36          0          0          0          0         68   llsshr.o
        32          0          0          0          0         68   llushr.o
        36          0          0          0          0         68   memcpya.o
        36          0          0          0          0        108   memseta.o
      2226         90          0          0          0        444   printfa.o
         0          0          0          4          0          0   stdout.o
        44          0          0          0          0         80   uidiv.o
        98          0          0          0          0         92   uldiv.o
        48          0          0          0          0         68   cdcmple.o
        48          0          0          0          0         68   cdrcmple.o
        56          0          0          0          0         88   d2f.o
       334          0          0          0          0        148   dadd.o
       222          0          0          0          0        100   ddiv.o
       186          0          0          0          0        176   depilogue.o
        62          0          0          0          0         80   dfixi.o
        48          0          0          0          0         68   dfixul.o
        34          0          0          0          0         76   dflti.o
        26          0          0          0          0         76   dfltui.o
       228          0          0          0          0         96   dmul.o
        46          0          0          0          0         80   dscalb.o
       162          0          0          0          0        100   dsqrt.o
        38          0          0          0          0         68   f2d.o
       110          0          0          0          0        168   fepilogue.o

    ----------------------------------------------------------------------
     13358       1092        744          8          0       6424   Library Totals
        12          0          0          0          0          0   (incl. Padding)

    ----------------------------------------------------------------------

      Code (inc. data)   RO Data    RW Data    ZI Data      Debug   Library Name

      8976        980        744          0          0       3832   m_wm.l
      2722        112          0          8          0       1132   mc_w.l
      1648          0          0          0          0       1460   mf_w.l

    ----------------------------------------------------------------------
     13358       1092        744          8          0       6424   Library Totals

    ----------------------------------------------------------------------

==============================================================================


      Code (inc. data)   RO Data    RW Data    ZI Data      Debug   

     44972       4386       2304        648      21552    1091263   Grand Totals
     44972       4386       2304        160      21552    1091263   ELF Image Totals (compressed)
     44972       4386       2304        160          0          0   ROM Totals

==============================================================================

    Total RO  Size (Code + RO Data)                47276 (  46.17kB)
    Total RW  Size (RW Data + ZI Data)             22200 (  21.68kB)
    Total ROM Size (Code + RO Data + RW Data)      47436 (  46.32kB)

==============================================================================

